[Licensing::Module] Trying to connect to existing licensing client channel...
Built from '6000.0/respin/6000.0.60f1-f02d6f9f9009' branch; Version is '6000.0.60f1 (61dfb374e36f) revision 6414259'; Using compiler version '193933523'; Build Type 'Release'
[Licensing::IpcConnector] Successfully connected to: "LicenseClient-y9800" at "2026-07-16T06:19:34.1292194Z"
OS: 'Windows 11  (10.0.26200) 64bit Core' Language: 'en' Physical Memory: 32616 MB
BatchMode: 1, IsHumanControllingUs: 0, StartBugReporterOnCrash: 0, Is64bit: 1
Date: 2026-07-16T06:19:34Z

COMMAND LINE ARGUMENTS:
C:\Program Files\Unity\Hub\Editor\6000.0.60f1\Editor\Unity.exe
-batchmode
-nographics
-quit
-projectPath
c:/Users/y9800/Unity_project/VisionGraft
-executeMethod
AnimalIndexPrefixer.Run
-logFile
c:/Users/y9800/Unity_project/VisionGraft/animal_reindex.log
Successfully changed project path to: c:/Users/y9800/Unity_project/VisionGraft
C:/Users/y9800/Unity_project/VisionGraft
[UnityMemory] Configuration Parameters - Can be set up in boot.config
    "memorysetup-bucket-allocator-granularity=16"
    "memorysetup-bucket-allocator-bucket-count=8"
    "memorysetup-bucket-allocator-block-size=33554432"
    "memorysetup-bucket-allocator-block-count=8"
    "memorysetup-main-allocator-block-size=16777216"
    "memorysetup-thread-allocator-block-size=16777216"
    "memorysetup-gfx-main-allocator-block-size=16777216"
    "memorysetup-gfx-thread-allocator-block-size=16777216"
    "memorysetup-cache-allocator-block-size=4194304"
    "memorysetup-typetree-allocator-block-size=2097152"
    "memorysetup-profiler-bucket-allocator-granularity=16"
    "memorysetup-profiler-bucket-allocator-bucket-count=8"
    "memorysetup-profiler-bucket-allocator-block-size=33554432"
    "memorysetup-profiler-bucket-allocator-block-count=8"
    "memorysetup-profiler-allocator-block-size=16777216"
    "memorysetup-profiler-editor-allocator-block-size=1048576"
    "memorysetup-temp-allocator-size-main=16777216"
    "memorysetup-job-temp-allocator-block-size=2097152"
    "memorysetup-job-temp-allocator-block-size-background=1048576"
    "memorysetup-job-temp-allocator-reduction-small-platforms=262144"
    "memorysetup-allocator-temp-initial-block-size-main=262144"
    "memorysetup-allocator-temp-initial-block-size-worker=262144"
    "memorysetup-temp-allocator-size-background-worker=32768"
    "memorysetup-temp-allocator-size-job-worker=262144"
    "memorysetup-temp-allocator-size-preload-manager=33554432"
    "memorysetup-temp-allocator-size-nav-mesh-worker=65536"
    "memorysetup-temp-allocator-size-audio-worker=65536"
    "memorysetup-temp-allocator-size-cloud-worker=32768"
    "memorysetup-temp-allocator-size-gi-baking-worker=262144"
    "memorysetup-temp-allocator-size-gi-baking-worker=262144"
    "memorysetup-temp-allocator-size-gi-baking-worker=262144"
    "memorysetup-temp-allocator-size-gi-baking-worker=262144"
    "memorysetup-temp-allocator-size-gi-baking-worker=262144"
    "memorysetup-temp-allocator-size-gfx=262144"
Player connection [40696]  Target information:

Player connection [40696]  * "[IP] 192.168.3.2 [Port] 55504 [Flags] 2 [Guid] 3959436748 [EditorId] 3959436748 [Version] 1048832 [Id] WindowsEditor(7,kawanishi) [Debug] 1 [PackageName] WindowsEditor [ProjectName] Editor" 

Player connection [40696]  * "[IP] 26.242.87.8 [Port] 55504 [Flags] 2 [Guid] 3959436748 [EditorId] 3959436748 [Version] 1048832 [Id] WindowsEditor(7,kawanishi) [Debug] 1 [PackageName] WindowsEditor [ProjectName] Editor" 

Player connection [40696] Host joined multi-casting on [225.0.0.222:54997]...
Player connection [40696] Host joined alternative multi-casting on [225.0.0.222:34997]...
Input System module state changed to: Initialized.
[Physics::Module] Initialized fallback backend.
[Physics::Module] Id: 0xdecafbad
[Licensing::Client] Code 10 while verifying Licensing Client signature (process Id: 34344, path: "C:/Program Files/Unity Hub/UnityLicensingClient_V1/Unity.Licensing.Client.exe")
[Licensing::Module] LicensingClient has failed validation; ignoring
[Licensing::Client] Handshaking with LicensingClient:
  Version:                 1.17.4+4293ba1
  Session Id:              697788cb2ba9467d927a355a01dd2308
  Correlation Id:          3cb88a61a4dc25c42a29acb5cef2322d
  External correlation Id: 269579272237176940
  Machine Id:              H7Ma11Ci3lcP8JAg0CSIpZLwTfs=
[Licensing::Module] Successfully connected to LicensingClient on channel: "LicenseClient-y9800" (connect: 0.00s, validation: 0.00s, handshake: 0.03s)
[Licensing::IpcConnector] Successfully connected to: "LicenseClient-y9800-notifications" at "2026-07-16T06:19:34.1586882Z"
[Licensing::Module] Error: Access token is unavailable; failed to update
[Licensing::Client] Successfully resolved entitlement details
[Licensing::Module] License group:
  Id: F4-FK67-JP9U-N883-8S9S-XXXX
  Product: Unity Personal
  Type: ULF
  Expiration: Unlimited
[Licensing::Module] License group:
  Id: 15668689674507-UnityPersXXXX
  Product: Unity Personal
  Type: Assigned
  Expiration: Unlimited
[Licensing::Client] Successfully updated license, isAsync: True, time: 0.00
[Licensing::Client] Successfully resolved entitlement details
[Licensing::Module] License group:
  Id: F4-FK67-JP9U-N883-8S9S-XXXX
  Product: Unity Personal
  Type: ULF
  Expiration: Unlimited
[Licensing::Module] License group:
  Id: 15668689674507-UnityPersXXXX
  Product: Unity Personal
  Type: Assigned
  Expiration: Unlimited
[Licensing::Module] Licensing Background thread has ended after 0.04s
[Package Manager] Connected to IPC stream "Upm-28500" after 0.2 seconds.
Library Redirect Path: Library/
Artifact Garbage Collection - Removed 1 unused hashed content files[Licensing::Client] Successfully resolved entitlement details
[Licensing::Module] License group:
  Id: F4-FK67-JP9U-N883-8S9S-XXXX
  Product: Unity Personal
  Type: ULF
  Expiration: Unlimited
[Licensing::Module] License group:
  Id: 15668689674507-UnityPersXXXX
  Product: Unity Personal
  Type: Assigned
  Expiration: Unlimited
Refreshing native plugins compatible for Editor in 2.13 ms, found 0 plugins.
Preloading 0 native plugins for Editor in 0.00 ms.
Initialize engine version: 6000.0.60f1 (61dfb374e36f)
[Subsystems] Discovering subsystems at path C:/Program Files/Unity/Hub/Editor/6000.0.60f1/Editor/Data/Resources/UnitySubsystems
[Subsystems] Discovering subsystems at path C:/Users/y9800/Unity_project/VisionGraft/Assets
Forcing GfxDevice: Null
GfxDevice: creating device client; kGfxThreadingModeNonThreaded
NullGfxDevice:
    Version:  NULL 1.0 [1.0]
    Renderer: Null Device
    Vendor:   Unity Technologies
Shader Hidden/ProbeVolume/VoxelizeScene is not supported: GPU does not support conservative rasterization
Shader 'Meta/MRUK/Scene/HighlightsAndShadows': fallback shader 'Off' not found
Shader 'Oculus/OVRMRCameraFrameLit': fallback shader 'Alpha-Diffuse' not found
Initialize mono
Mono path[0] = 'C:/Program Files/Unity/Hub/Editor/6000.0.60f1/Editor/Data/Managed'
Mono path[1] = 'C:/Program Files/Unity/Hub/Editor/6000.0.60f1/Editor/Data/MonoBleedingEdge/lib/mono/unityjit-win32'
Mono config path = 'C:/Program Files/Unity/Hub/Editor/6000.0.60f1/Editor/Data/MonoBleedingEdge/etc'
Using monoOptions --debugger-agent=transport=dt_socket,embedding=1,server=y,suspend=n,address=127.0.0.1:56500
Using cacheserver namespaces - metadata:defaultmetadata, artifacts:defaultartifacts
Using cacheserver namespaces - metadata:defaultmetadata, artifacts:defaultartifacts
ImportWorker Server TCP listen port: 0
AcceleratorClientConnectionCallback - disconnected - :0
Begin MonoManager ReloadAssembly
Registering precompiled unity dll's ...
Register platform support module: C:/Program Files/Unity/Hub/Editor/6000.0.60f1/Editor/Data/PlaybackEngines/WindowsStandaloneSupport/UnityEditor.WindowsStandalone.Extensions.dll
Register platform support module: C:/Program Files/Unity/Hub/Editor/6000.0.60f1/Editor/Data/PlaybackEngines/AndroidPlayer/UnityEditor.Android.Extensions.dll
Registered in 0.002724 seconds.
- Loaded All Assemblies, in  0.254 seconds
Native extension for Android target not found
Android Extension - Scanning For ADB Devices 2174 ms
Native extension for WindowsStandalone target not found
Mono: successfully reloaded assembly
- Finished resetting the current domain, in  2.394 seconds
Domain Reload Profiling: 2647ms
	BeginReloadAssembly (85ms)
		ExecutionOrderSort (0ms)
		DisableScriptedObjects (0ms)
		BackupInstance (0ms)
		ReleaseScriptingObjects (0ms)
		CreateAndSetChildDomain (1ms)
	RebuildCommonClasses (23ms)
	RebuildNativeTypeToScriptingClass (7ms)
	initialDomainReloadingComplete (33ms)
	LoadAllAssembliesAndSetupDomain (103ms)
		LoadAssemblies (83ms)
		RebuildTransferFunctionScriptingTraits (0ms)
		AnalyzeDomain (101ms)
			TypeCache.Refresh (100ms)
				TypeCache.ScanAssembly (91ms)
			BuildScriptInfoCaches (0ms)
			ResolveRequiredComponents (0ms)
	FinalizeReload (2395ms)
		ReleaseScriptCaches (0ms)
		RebuildScriptCaches (0ms)
		SetupLoadedEditorAssemblies (2372ms)
			LogAssemblyErrors (0ms)
			InitializePlatformSupportModulesInManaged (2232ms)
			SetLoadedEditorAssemblies (2ms)
			BeforeProcessingInitializeOnLoad (33ms)
			ProcessInitializeOnLoadAttributes (72ms)
			ProcessInitializeOnLoadMethodAttributes (33ms)
			AfterProcessingInitializeOnLoad (0ms)
			EditorAssembliesLoaded (0ms)
		ExecutionOrderSort2 (0ms)
		AwakeInstancesAfterBackupRestoration (0ms)
[Licensing::Client] Successfully resolved entitlement details
[Licensing::Module] License group:
  Id: F4-FK67-JP9U-N883-8S9S-XXXX
  Product: Unity Personal
  Type: ULF
  Expiration: Unlimited
[Licensing::Module] License group:
  Id: 15668689674507-UnityPersXXXX
  Product: Unity Personal
  Type: Assigned
  Expiration: Unlimited
[Licensing::Client] Successfully resolved entitlement details
[Licensing::Module] License group:
  Id: F4-FK67-JP9U-N883-8S9S-XXXX
  Product: Unity Personal
  Type: ULF
  Expiration: Unlimited
[Licensing::Module] License group:
  Id: 15668689674507-UnityPersXXXX
  Product: Unity Personal
  Type: Assigned
  Expiration: Unlimited
Application.AssetDatabase Initial Refresh Start
Package Manager log level set to [2]
[Package Manager] Restoring resolved packages state from cache
[Licensing::Client] Successfully resolved entitlement details
[Package Manager] Registered 76 packages:
  Packages from [https://packages.unity.com]:
    com.meta.xr.sdk.all@81.0.0 (location: C:\Users\y9800\Unity_project\VisionGraft\Library\PackageCache\com.meta.xr.sdk.all@3c787aa87d70)
    com.unity.ai.navigation@2.0.9 (location: C:\Users\y9800\Unity_project\VisionGraft\Library\PackageCache\com.unity.ai.navigation@5218e4bf7edc)
    com.unity.collab-proxy@2.9.3 (location: C:\Users\y9800\Unity_project\VisionGraft\Library\PackageCache\com.unity.collab-proxy@ab839cc7d2ad)
    com.unity.device-simulator.devices@1.0.1 (location: C:\Users\y9800\Unity_project\VisionGraft\Library\PackageCache\com.unity.device-simulator.devices@2af643ceec84)
    com.unity.ide.rider@3.0.38 (location: C:\Users\y9800\Unity_project\VisionGraft\Library\PackageCache\com.unity.ide.rider@1f60b3138684)
    com.unity.ide.visualstudio@2.0.23 (location: C:\Users\y9800\Unity_project\VisionGraft\Library\PackageCache\com.unity.ide.visualstudio@198cdf337d13)
    com.unity.inputsystem@1.14.2 (location: C:\Users\y9800\Unity_project\VisionGraft\Library\PackageCache\com.unity.inputsystem@be6c4fd0abf5)
    com.unity.timeline@1.8.9 (location: C:\Users\y9800\Unity_project\VisionGraft\Library\PackageCache\com.unity.timeline@6b9e48457ddb)
    com.unity.visualscripting@1.9.7 (location: C:\Users\y9800\Unity_project\VisionGraft\Library\PackageCache\com.unity.visualscripting@6279e2b7c485)
    com.unity.xr.management@4.5.3 (location: C:\Users\y9800\Unity_project\VisionGraft\Library\PackageCache\com.unity.xr.management@574ebfb1e976)
    com.unity.xr.mock-hmd@1.4.0-preview.2 (location: C:\Users\y9800\Unity_project\VisionGraft\Library\PackageCache\com.unity.xr.mock-hmd@bf4cb37c5d7a)
    com.unity.xr.openxr@1.15.1 (location: C:\Users\y9800\Unity_project\VisionGraft\Library\PackageCache\com.unity.xr.openxr@05fb1a7d75d1)
    com.unity.mathematics@1.3.2 (location: C:\Users\y9800\Unity_project\VisionGraft\Library\PackageCache\com.unity.mathematics@8017b507cc74)
    com.unity.xr.core-utils@2.5.3 (location: C:\Users\y9800\Unity_project\VisionGraft\Library\PackageCache\com.unity.xr.core-utils@f0450cbac8d6)
    com.unity.xr.legacyinputhelpers@2.1.12 (location: C:\Users\y9800\Unity_project\VisionGraft\Library\PackageCache\com.unity.xr.legacyinputhelpers@b7579e86f3b4)
    com.meta.xr.sdk.core@81.0.0 (location: C:\Users\y9800\Unity_project\VisionGraft\Library\PackageCache\com.meta.xr.sdk.core@d6da9ab40659)
    com.meta.xr.sdk.audio@81.0.0 (location: C:\Users\y9800\Unity_project\VisionGraft\Library\PackageCache\com.meta.xr.sdk.audio@ca86912b4d20)
    com.meta.xr.sdk.voice@81.0.0 (location: C:\Users\y9800\Unity_project\VisionGraft\Library\PackageCache\com.meta.xr.sdk.voice@1613052ece81)
    com.meta.xr.simulator@81.0.0 (location: C:\Users\y9800\Unity_project\VisionGraft\Library\PackageCache\com.meta.xr.simulator@e73b5fdb5a5a)
    com.meta.xr.sdk.haptics@81.0.0 (location: C:\Users\y9800\Unity_project\VisionGraft\Library\PackageCache\com.meta.xr.sdk.haptics@cd1f215a823c)
    com.meta.xr.mrutilitykit@81.0.0 (location: C:\Users\y9800\Unity_project\VisionGraft\Library\PackageCache\com.meta.xr.mrutilitykit@7a74cdb228ff)
    com.meta.xr.sdk.platform@81.0.0 (location: C:\Users\y9800\Unity_project\VisionGraft\Library\PackageCache\com.meta.xr.sdk.platform@b9f1cf4de8ae)
    com.meta.xr.sdk.interaction@81.0.0 (location: C:\Users\y9800\Unity_project\VisionGraft\Library\PackageCache\com.meta.xr.sdk.interaction@33d664ec3528)
    com.meta.xr.sdk.interaction.ovr@81.0.0 (location: C:\Users\y9800\Unity_project\VisionGraft\Library\PackageCache\com.meta.xr.sdk.interaction.ovr@2b29786f9906)
    com.unity.searcher@4.9.3 (location: C:\Users\y9800\Unity_project\VisionGraft\Library\PackageCache\com.unity.searcher@1e17ce91558d)
    com.unity.burst@1.8.25 (location: C:\Users\y9800\Unity_project\VisionGraft\Library\PackageCache\com.unity.burst@1df634d836b8)
    com.unity.collections@2.6.2 (location: C:\Users\y9800\Unity_project\VisionGraft\Library\PackageCache\com.unity.collections@aea9d3bd5e19)
    com.unity.nuget.newtonsoft-json@3.2.1 (location: C:\Users\y9800\Unity_project\VisionGraft\Library\PackageCache\com.unity.nuget.newtonsoft-json@74deb55db2a0)
    com.unity.nuget.mono-cecil@1.11.5 (location: C:\Users\y9800\Unity_project\VisionGraft\Library\PackageCache\com.unity.nuget.mono-cecil@d78732e851eb)
    com.unity.test-framework.performance@3.2.0 (location: C:\Users\y9800\Unity_project\VisionGraft\Library\PackageCache\com.unity.test-framework.performance@0840f58e4562)
  Built-in packages:
    com.unity.multiplayer.center@1.0.0 (location: C:\Users\y9800\Unity_project\VisionGraft\Library\PackageCache\com.unity.multiplayer.center@f3fb577b3546)
    com.unity.render-pipelines.universal@17.0.4 (location: C:\Users\y9800\Unity_project\VisionGraft\Library\PackageCache\com.unity.render-pipelines.universal@ba24149c0920)
    com.unity.test-framework@1.6.0 (location: C:\Users\y9800\Unity_project\VisionGraft\Library\PackageCache\com.unity.test-framework@0baaad2f700c)
    com.unity.ugui@2.0.0 (location: C:\Users\y9800\Unity_project\VisionGraft\Library\PackageCache\com.unity.ugui@27299721f2fd)
    com.unity.modules.accessibility@1.0.0 (location: C:\Program Files\Unity\Hub\Editor\6000.0.60f1\Editor\Data\Resources\PackageManager\BuiltInPackages\com.unity.modules.accessibility)
    com.unity.modules.ai@1.0.0 (location: C:\Program Files\Unity\Hub\Editor\6000.0.60f1\Editor\Data\Resources\PackageManager\BuiltInPackages\com.unity.modules.ai)
    com.unity.modules.androidjni@1.0.0 (location: C:\Program Files\Unity\Hub\Editor\6000.0.60f1\Editor\Data\Resources\PackageManager\BuiltInPackages\com.unity.modules.androidjni)
    com.unity.modules.animation@1.0.0 (location: C:\Program Files\Unity\Hub\Editor\6000.0.60f1\Editor\Data\Resources\PackageManager\BuiltInPackages\com.unity.modules.animation)
    com.unity.modules.assetbundle@1.0.0 (location: C:\Program Files\Unity\Hub\Editor\6000.0.60f1\Editor\Data\Resources\PackageManager\BuiltInPackages\com.unity.modules.assetbundle)
    com.unity.modules.audio@1.0.0 (location: C:\Program Files\Unity\Hub\Editor\6000.0.60f1\Editor\Data\Resources\PackageManager\BuiltInPackages\com.unity.modules.audio)
    com.unity.modules.cloth@1.0.0 (location: C:\Program Files\Unity\Hub\Editor\6000.0.60f1\Editor\Data\Resources\PackageManager\BuiltInPackages\com.unity.modules.cloth)
    com.unity.modules.director@1.0.0 (location: C:\Program Files\Unity\Hub\Editor\6000.0.60f1\Editor\Data\Resources\PackageManager\BuiltInPackages\com.unity.modules.director)
    com.unity.modules.imageconversion@1.0.0 (location: C:\Program Files\Unity\Hub\Editor\6000.0.60f1\Editor\Data\Resources\PackageManager\BuiltInPackages\com.unity.modules.imageconversion)
    com.unity.modules.imgui@1.0.0 (location: C:\Program Files\Unity\Hub\Editor\6000.0.60f1\Editor\Data\Resources\PackageManager\BuiltInPackages\com.unity.modules.imgui)
    com.unity.modules.jsonserialize@1.0.0 (location: C:\Program Files\Unity\Hub\Editor\6000.0.60f1\Editor\Data\Resources\PackageManager\BuiltInPackages\com.unity.modules.jsonserialize)
    com.unity.modules.particlesystem@1.0.0 (location: C:\Program Files\Unity\Hub\Editor\6000.0.60f1\Editor\Data\Resources\PackageManager\BuiltInPackages\com.unity.modules.particlesystem)
    com.unity.modules.physics@1.0.0 (location: C:\Program Files\Unity\Hub\Editor\6000.0.60f1\Editor\Data\Resources\PackageManager\BuiltInPackages\com.unity.modules.physics)
    com.unity.modules.physics2d@1.0.0 (location: C:\Program Files\Unity\Hub\Editor\6000.0.60f1\Editor\Data\Resources\PackageManager\BuiltInPackages\com.unity.modules.physics2d)
    com.unity.modules.screencapture@1.0.0 (location: C:\Program Files\Unity\Hub\Editor\6000.0.60f1\Editor\Data\Resources\PackageManager\BuiltInPackages\com.unity.modules.screencapture)
    com.unity.modules.terrain@1.0.0 (location: C:\Program Files\Unity\Hub\Editor\6000.0.60f1\Editor\Data\Resources\PackageManager\BuiltInPackages\com.unity.modules.terrain)
    com.unity.modules.terrainphysics@1.0.0 (location: C:\Program Files\Unity\Hub\Editor\6000.0.60f1\Editor\Data\Resources\PackageManager\BuiltInPackages\com.unity.modules.terrainphysics)
    com.unity.modules.tilemap@1.0.0 (location: C:\Program Files\Unity\Hub\Editor\6000.0.60f1\Editor\Data\Resources\PackageManager\BuiltInPackages\com.unity.modules.tilemap)
    com.unity.modules.ui@1.0.0 (location: C:\Program Files\Unity\Hub\Editor\6000.0.60f1\Editor\Data\Resources\PackageManager\BuiltInPackages\com.unity.modules.ui)
    com.unity.modules.uielements@1.0.0 (location: C:\Program Files\Unity\Hub\Editor\6000.0.60f1\Editor\Data\Resources\PackageManager\BuiltInPackages\com.unity.modules.uielements)
    com.unity.modules.umbra@1.0.0 (location: C:\Program Files\Unity\Hub\Editor\6000.0.60f1\Editor\Data\Resources\PackageManager\BuiltInPackages\com.unity.modules.umbra)
    com.unity.modules.unityanalytics@1.0.0 (location: C:\Program Files\Unity\Hub\Editor\6000.0.60f1\Editor\Data\Resources\PackageManager\BuiltInPackages\com.unity.modules.unityanalytics)
    com.unity.modules.unitywebrequest@1.0.0 (location: C:\Program Files\Unity\Hub\Editor\6000.0.60f1\Editor\Data\Resources\PackageManager\BuiltInPackages\com.unity.modules.unitywebrequest)
    com.unity.modules.unitywebrequestassetbundle@1.0.0 (location: C:\Program Files\Unity\Hub\Editor\6000.0.60f1\Editor\Data\Resources\PackageManager\BuiltInPackages\com.unity.modules.unitywebrequestassetbundle)
    com.unity.modules.unitywebrequestaudio@1.0.0 (location: C:\Program Files\Unity\Hub\Editor\6000.0.60f1\Editor\Data\Resources\PackageManager\BuiltInPackages\com.unity.modules.unitywebrequestaudio)
    com.unity.modules.unitywebrequesttexture@1.0.0 (location: C:\Program Files\Unity\Hub\Editor\6000.0.60f1\Editor\Data\Resources\PackageManager\BuiltInPackages\com.unity.modules.unitywebrequesttexture)
    com.unity.modules.unitywebrequestwww@1.0.0 (location: C:\Program Files\Unity\Hub\Editor\6000.0.60f1\Editor\Data\Resources\PackageManager\BuiltInPackages\com.unity.modules.unitywebrequestwww)
    com.unity.modules.vehicles@1.0.0 (location: C:\Program Files\Unity\Hub\Editor\6000.0.60f1\Editor\Data\Resources\PackageManager\BuiltInPackages\com.unity.modules.vehicles)
    com.unity.modules.video@1.0.0 (location: C:\Program Files\Unity\Hub\Editor\6000.0.60f1\Editor\Data\Resources\PackageManager\BuiltInPackages\com.unity.modules.video)
    com.unity.modules.vr@1.0.0 (location: C:\Program Files\Unity\Hub\Editor\6000.0.60f1\Editor\Data\Resources\PackageManager\BuiltInPackages\com.unity.modules.vr)
    com.unity.modules.wind@1.0.0 (location: C:\Program Files\Unity\Hub\Editor\6000.0.60f1\Editor\Data\Resources\PackageManager\BuiltInPackages\com.unity.modules.wind)
    com.unity.modules.xr@1.0.0 (location: C:\Program Files\Unity\Hub\Editor\6000.0.60f1\Editor\Data\Resources\PackageManager\BuiltInPackages\com.unity.modules.xr)
    com.unity.modules.subsystems@1.0.0 (location: C:\Program Files\Unity\Hub\Editor\6000.0.60f1\Editor\Data\Resources\PackageManager\BuiltInPackages\com.unity.modules.subsystems)
    com.unity.modules.hierarchycore@1.0.0 (location: C:\Program Files\Unity\Hub\Editor\6000.0.60f1\Editor\Data\Resources\PackageManager\BuiltInPackages\com.unity.modules.hierarchycore)
    com.unity.ext.nunit@2.0.5 (location: C:\Users\y9800\Unity_project\VisionGraft\Library\PackageCache\com.unity.ext.nunit@031a54704bff)
    com.unity.render-pipelines.core@17.0.4 (location: C:\Users\y9800\Unity_project\VisionGraft\Library\PackageCache\com.unity.render-pipelines.core@3d082aa477f5)
    com.unity.shadergraph@17.0.4 (location: C:\Users\y9800\Unity_project\VisionGraft\Library\PackageCache\com.unity.shadergraph@6f01d23bdcbb)
    com.unity.render-pipelines.universal-config@17.0.3 (location: C:\Users\y9800\Unity_project\VisionGraft\Library\PackageCache\com.unity.render-pipelines.universal-config@dd206bf35d04)
    com.unity.rendering.light-transport@1.0.1 (location: C:\Users\y9800\Unity_project\VisionGraft\Library\PackageCache\com.unity.rendering.light-transport@9bd588f963c0)
    com.unity.textmeshpro@5.0.0 (location: C:\Users\y9800\Unity_project\VisionGraft\Library\PackageCache\com.unity.textmeshpro@53f43edfd2e0)
  Embedded packages:
    com.vrmc.gltf@file:C:\Users\y9800\Unity_project\VisionGraft\Packages\com.vrmc.gltf (location: C:\Users\y9800\Unity_project\VisionGraft\Packages\com.vrmc.gltf)
    com.vrmc.vrm@file:C:\Users\y9800\Unity_project\VisionGraft\Packages\com.vrmc.vrm (location: C:\Users\y9800\Unity_project\VisionGraft\Packages\com.vrmc.vrm)
[Subsystems] Looking for new subsystems at path C:\Users\y9800\Unity_project\VisionGraft\Library\PackageCache\com.unity.xr.mock-hmd@bf4cb37c5d7a
[Subsystems] Novel subsystem found at Library/PackageCache/com.unity.xr.mock-hmd@bf4cb37c5d7a/Runtime/UnitySubsystemsManifest.json
[Subsystems] Discovering subsystems at path C:/Program Files/Unity/Hub/Editor/6000.0.60f1/Editor/Data/Resources/UnitySubsystems
[Subsystems] Discovering subsystems at path C:/Users/y9800/Unity_project/VisionGraft/Assets
[Subsystems] Discovering subsystems at path C:\Users\y9800\Unity_project\VisionGraft\Library\PackageCache\com.unity.xr.mock-hmd@bf4cb37c5d7a
[Subsystems] No descriptors matched for  examples in Library/PackageCache/com.unity.xr.mock-hmd@bf4cb37c5d7a/Runtime/UnitySubsystemsManifest.json.
[Subsystems] 1 'inputs' descriptors matched in Library/PackageCache/com.unity.xr.mock-hmd@bf4cb37c5d7a/Runtime/UnitySubsystemsManifest.json
[Subsystems] 1 'displays' descriptors matched in Library/PackageCache/com.unity.xr.mock-hmd@bf4cb37c5d7a/Runtime/UnitySubsystemsManifest.json
[Subsystems] No descriptors matched for  meshings in Library/PackageCache/com.unity.xr.mock-hmd@bf4cb37c5d7a/Runtime/UnitySubsystemsManifest.json.
[Subsystems] Discovering subsystems at path C:\Users\y9800\Unity_project\VisionGraft\Library\PackageCache\com.unity.xr.openxr@05fb1a7d75d1
[Subsystems] No descriptors matched for  examples in Library/PackageCache/com.unity.xr.openxr@05fb1a7d75d1/Runtime/UnitySubsystemsManifest.json.
[Subsystems] 1 'inputs' descriptors matched in Library/PackageCache/com.unity.xr.openxr@05fb1a7d75d1/Runtime/UnitySubsystemsManifest.json
[Subsystems] 1 'displays' descriptors matched in Library/PackageCache/com.unity.xr.openxr@05fb1a7d75d1/Runtime/UnitySubsystemsManifest.json
[Subsystems] No descriptors matched for  meshings in Library/PackageCache/com.unity.xr.openxr@05fb1a7d75d1/Runtime/UnitySubsystemsManifest.json.
[Package Manager] Done registering packages in 0.03 seconds
[ScriptCompilation] Requested script compilation because: Assetdatabase observed changes in script compilation related files
Duplicate assembly 'System.Runtime.CompilerServices.Unsafe.dll' with different versions detected, using 'Packages/com.unity.collections/Unity.Collections.Tests/System.Runtime.CompilerServices.Unsafe/System.Runtime.CompilerServices.Unsafe.dll, AssemblyName=System.Runtime.CompilerServices.Unsafe, Version=6.0.0.0, Culture=neutral, PublicKeyToken=b03f5f7f11d50a3a' and ignoring 'Assets/Plugins/K4os/System.Runtime.CompilerServices.Unsafe.dll, AssemblyName=System.Runtime.CompilerServices.Unsafe, Version=5.0.0.0, Culture=neutral, PublicKeyToken=b03f5f7f11d50a3a'.info: Microsoft.Hosting.Lifetime[14]
      Now listening on: http://localhost:80
info: Microsoft.Hosting.Lifetime[0]
      Application started. Press Ctrl+C to shut down.
info: Microsoft.Hosting.Lifetime[0]
      Hosting environment: Production
info: Microsoft.Hosting.Lifetime[0]
      Content root path: C:\Users\y9800\Unity_project\VisionGraft\
info: Microsoft.AspNetCore.Hosting.Diagnostics[1]
      Request starting HTTP/2 POST http://ilpp/UnityILPP.PostProcessing/Ping application/grpc -
info: Microsoft.AspNetCore.Routing.EndpointMiddleware[0]
      Executing endpoint 'gRPC - /UnityILPP.PostProcessing/Ping'
info: Microsoft.AspNetCore.Routing.EndpointMiddleware[1]
      Executed endpoint 'gRPC - /UnityILPP.PostProcessing/Ping'
info: Microsoft.AspNetCore.Hosting.Diagnostics[2]
      Request finished HTTP/2 POST http://ilpp/UnityILPP.PostProcessing/Ping application/grpc - - 200 - application/grpc 26.1688ms
Starting: C:\Program Files\Unity\Hub\Editor\6000.0.60f1\Editor\Data\bee_backend.exe --ipc --defer-dag-verification --dagfile="Library/Bee/1300b0aE.dag" --continue-on-failure --profile="Library/Bee/backend1.traceevents" ScriptAssemblies
WorkingDir: C:/Users/y9800/Unity_project/VisionGraft
DisplayProgressbar: Compiling Scripts
info: Microsoft.AspNetCore.Hosting.Diagnostics[1]
      Request starting HTTP/2 POST http://ilpp/UnityILPP.PostProcessing/ConfigurePostProcessors application/grpc -
info: Microsoft.AspNetCore.Routing.EndpointMiddleware[0]
      Executing endpoint 'gRPC - /UnityILPP.PostProcessing/ConfigurePostProcessors'
warn: Unity.ILPP.Runner.PostProcessingAssemblyLoadContext[0]
      Assembly system.runtime.interopservices.windowsruntime has duplicate hint path. Ignoring "C:\Program Files\Unity\Hub\Editor\6000.0.60f1\Editor\Data\UnityReferenceAssemblies\unity-4.8-api\Facades\System.Runtime.InteropServices.WindowsRuntime.dll" in favor of "C:\Program Files\Unity\Hub\Editor\6000.0.60f1\Editor\Data\NetStandard\Extensions\2.0.0\System.Runtime.InteropServices.WindowsRuntime.dll"
warn: Unity.ILPP.Runner.PostProcessingAssemblyLoadContext[0]
      Assembly system.componentmodel.composition has duplicate hint path. Ignoring "C:\Program Files\Unity\Hub\Editor\6000.0.60f1\Editor\Data\UnityReferenceAssemblies\unity-4.8-api\System.ComponentModel.Composition.dll" in favor of "C:\Program Files\Unity\Hub\Editor\6000.0.60f1\Editor\Data\NetStandard\compat\2.1.0\shims\netfx\System.ComponentModel.Composition.dll"
info: Unity.ILPP.Runner.PostProcessingAssemblyLoadContext[0]
      Resolved Unity.Burst.Cecil, Version=0.11.4.0, Culture=neutral, PublicKeyToken=50cebf1cceb9d05e with Library\PackageCache\com.unity.burst@1df634d836b8\Unity.Burst.CodeGen\Unity.Burst.Cecil.dll
info: Unity.ILPP.Runner.PostProcessingAssemblyLoadContext[0]
      Resolved Mono.Cecil, Version=0.11.5.0, Culture=neutral, PublicKeyToken=50cebf1cceb9d05e with Library\PackageCache\com.unity.nuget.mono-cecil@d78732e851eb\Mono.Cecil.dll
info: Microsoft.AspNetCore.Routing.EndpointMiddleware[1]
      Executed endpoint 'gRPC - /UnityILPP.PostProcessing/ConfigurePostProcessors'
info: Microsoft.AspNetCore.Hosting.Diagnostics[2]
      Request finished HTTP/2 POST http://ilpp/UnityILPP.PostProcessing/ConfigurePostProcessors application/grpc - - 200 - application/grpc 35.3608ms
info: Microsoft.AspNetCore.Hosting.Diagnostics[1]
      Request starting HTTP/2 POST http://ilpp/UnityILPP.PostProcessing/PostProcessAssembly application/grpc -
info: Microsoft.AspNetCore.Routing.EndpointMiddleware[0]
      Executing endpoint 'gRPC - /UnityILPP.PostProcessing/PostProcessAssembly'
info: Unity.ILPP.Runner.PostProcessingPipeline[0]
      Processing assembly Library/Bee/artifacts/1300b0aE.dag/Assembly-CSharp-Editor.dll, with 131 defines and 426 references
info: Unity.ILPP.Runner.PostProcessingPipeline[0]
      processors: Unity.Jobs.CodeGen.JobsILPostProcessor, zzzUnity.Burst.CodeGen.BurstILPostProcessor
info: Unity.ILPP.Runner.PostProcessingPipeline[0]
      running Unity.Jobs.CodeGen.JobsILPostProcessor
info: Unity.ILPP.Runner.PostProcessingAssemblyLoadContext[0]
      Resolved Unity.Collections, Version=0.0.0.0, Culture=neutral, PublicKeyToken=null with Library\Bee\artifacts\1300b0aE.dag\Unity.Collections.dll
info: Unity.ILPP.Runner.PostProcessingAssemblyLoadContext[0]
      Resolved UnityEditor.CoreModule, Version=0.0.0.0, Culture=neutral, PublicKeyToken=null with C:\Program Files\Unity\Hub\Editor\6000.0.60f1\Editor\Data\Managed\UnityEngine\UnityEditor.CoreModule.dll
info: Unity.ILPP.Runner.PostProcessingAssemblyLoadContext[0]
      Resolved UnityEngine.CoreModule, Version=0.0.0.0, Culture=neutral, PublicKeyToken=null with C:\Program Files\Unity\Hub\Editor\6000.0.60f1\Editor\Data\Managed\UnityEngine\UnityEngine.CoreModule.dll
info: Unity.ILPP.Runner.PostProcessingPipeline[0]
      running zzzUnity.Burst.CodeGen.BurstILPostProcessor
info: Unity.ILPP.Runner.PostProcessingAssemblyLoadContext[0]
      Resolved Unity.Burst.Cecil.Rocks, Version=0.11.4.0, Culture=neutral, PublicKeyToken=50cebf1cceb9d05e with Library\PackageCache\com.unity.burst@1df634d836b8\Unity.Burst.CodeGen\Unity.Burst.Cecil.Rocks.dll
info: Microsoft.AspNetCore.Routing.EndpointMiddleware[1]
      Executed endpoint 'gRPC - /UnityILPP.PostProcessing/PostProcessAssembly'
info: Microsoft.AspNetCore.Hosting.Diagnostics[2]
      Request finished HTTP/2 POST http://ilpp/UnityILPP.PostProcessing/PostProcessAssembly application/grpc - - 200 - application/grpc 286.7319ms
ExitCode: 0 Duration: 2s465ms
[1504/2040  0s] ILPP-Configuration Library/ilpp-configuration.nevergeneratedoutput
[2036/2040  0s] Csc Library/Bee/artifacts/1300b0aE.dag/Assembly-CSharp-Editor.dll (+2 others)
[2037/2040  0s] ILPostProcess Library/Bee/artifacts/1300b0aE.dag/post-processed/Assembly-CSharp-Editor.dll (+pdb)
Processing assembly Library/Bee/artifacts/1300b0aE.dag/Assembly-CSharp-Editor.dll, with 131 defines and 426 references

processors: Unity.Jobs.CodeGen.JobsILPostProcessor, zzzUnity.Burst.CodeGen.BurstILPostProcessor

running Unity.Jobs.CodeGen.JobsILPostProcessor

running zzzUnity.Burst.CodeGen.BurstILPostProcessor
[2038/2040  0s] CopyFiles Library/ScriptAssemblies/Assembly-CSharp-Editor.pdb
[2039/2040  0s] CopyFiles Library/ScriptAssemblies/Assembly-CSharp-Editor.dll
*** Tundra build success (2.44 seconds), 5 items updated, 2040 evaluated
AssetDatabase: script compilation time: 2.803688s
Begin MonoManager ReloadAssembly
Duplicate assembly 'System.Runtime.CompilerServices.Unsafe.dll' with different versions detected, using 'Packages/com.unity.collections/Unity.Collections.Tests/System.Runtime.CompilerServices.Unsafe/System.Runtime.CompilerServices.Unsafe.dll, AssemblyName=System.Runtime.CompilerServices.Unsafe, Version=6.0.0.0, Culture=neutral, PublicKeyToken=b03f5f7f11d50a3a' and ignoring 'Assets/Plugins/K4os/System.Runtime.CompilerServices.Unsafe.dll, AssemblyName=System.Runtime.CompilerServices.Unsafe, Version=5.0.0.0, Culture=neutral, PublicKeyToken=b03f5f7f11d50a3a'.Symbol file LoadedFromMemory is not a mono symbol file
- Loaded All Assemblies, in  1.224 seconds
Script 'CharacterController' has the same name as built-in Unity component.
AddComponent and GetComponent will not work with this script.
'Packages/com.meta.xr.sdk.core/Editor/BuildingBlocks/BlocksWindowDetailsExtension.cs' contains partial class of Unity.Object, exactly 1 of the partial classes needs to be in a file with the same filename. This is to know the one that can be referenced from ie. GameObjects
'Packages/com.meta.xr.sdk.core/Editor/BuildingBlocks/BlocksWindow.cs' contains partial class of Unity.Object, exactly 1 of the partial classes needs to be in a file with the same filename. This is to know the one that can be referenced from ie. GameObjects
'Packages/com.meta.xr.sdk.core/Editor/BuildingBlocks/BlocksWindowCollectionsPageExtension.cs' contains partial class of Unity.Object, exactly 1 of the partial classes needs to be in a file with the same filename. This is to know the one that can be referenced from ie. GameObjects
Refreshing native plugins compatible for Editor in 13.39 ms, found 17 plugins.
Native extension for Android target not found
Native extension for WindowsStandalone target not found
Refreshing native plugins compatible for Editor in 10.48 ms, found 17 plugins.
Duplicate assembly 'System.Runtime.CompilerServices.Unsafe.dll' with different versions detected, using 'Packages/com.unity.collections/Unity.Collections.Tests/System.Runtime.CompilerServices.Unsafe/System.Runtime.CompilerServices.Unsafe.dll, AssemblyName=System.Runtime.CompilerServices.Unsafe, Version=6.0.0.0, Culture=neutral, PublicKeyToken=b03f5f7f11d50a3a' and ignoring 'Assets/Plugins/K4os/System.Runtime.CompilerServices.Unsafe.dll, AssemblyName=System.Runtime.CompilerServices.Unsafe, Version=5.0.0.0, Culture=neutral, PublicKeyToken=b03f5f7f11d50a3a'.Mono: successfully reloaded assembly
- Finished resetting the current domain, in  3.023 seconds
Domain Reload Profiling: 4242ms
	BeginReloadAssembly (240ms)
		ExecutionOrderSort (0ms)
		DisableScriptedObjects (8ms)
		BackupInstance (0ms)
		ReleaseScriptingObjects (0ms)
		CreateAndSetChildDomain (137ms)
	RebuildCommonClasses (24ms)
	RebuildNativeTypeToScriptingClass (8ms)
	initialDomainReloadingComplete (22ms)
	LoadAllAssembliesAndSetupDomain (925ms)
		LoadAssemblies (726ms)
		RebuildTransferFunctionScriptingTraits (0ms)
		AnalyzeDomain (266ms)
			TypeCache.Refresh (182ms)
				TypeCache.ScanAssembly (167ms)
			BuildScriptInfoCaches (66ms)
			ResolveRequiredComponents (15ms)
	FinalizeReload (3023ms)
		ReleaseScriptCaches (0ms)
		RebuildScriptCaches (0ms)
		SetupLoadedEditorAssemblies (2844ms)
			LogAssemblyErrors (0ms)
			InitializePlatformSupportModulesInManaged (17ms)
			SetLoadedEditorAssemblies (4ms)
			BeforeProcessingInitializeOnLoad (132ms)
			ProcessInitializeOnLoadAttributes (2628ms)
			ProcessInitializeOnLoadMethodAttributes (59ms)
			AfterProcessingInitializeOnLoad (4ms)
			EditorAssembliesLoaded (0ms)
		ExecutionOrderSort2 (0ms)
		AwakeInstancesAfterBackupRestoration (5ms)
Refreshing native plugins compatible for Editor in 12.54 ms, found 17 plugins.
Unity memory allocator detected: MetaXRAudio native memory allocations will be tracked.
Preloading 2 native plugins for Editor in 2.24 ms.
Asset Pipeline Refresh (id=161179c34d80c054cbe7386ade002939): Total: 8.354 seconds - Initiated by InitialRefreshV2(ForceSynchronousImport)
	Summary:
		Imports: total=0 (actual=0, local cache=0, cache server=0)
		Asset DB Process Time: managed=0 ms, native=3593 ms
		Asset DB Callback time: managed=610 ms, native=49 ms
		Scripting: domain reloads=1, domain reload time=1225 ms, compile time=2808 ms, other=68 ms
		Project Asset Count: scripts=2967, non-scripts=5904
		Asset File Changes: new=0, changed=1, moved=0, deleted=0
		Scan Filter Count: 0
	InvokeCustomDependenciesCallbacks: 0.001ms
	InvokePackagesCallback: 30.413ms
	ApplyChangesToAssetFolders: 0.559ms
	Scan: 140.085ms
	OnSourceAssetsModified: 0.683ms
	CategorizeAssetsWithTransientArtifact: 57.437ms
	ProcessAssetsWithTransientArtifactChanges: 97.850ms
	CategorizeAssets: 92.504ms
	ImportOutOfDateAssets: 3059.075ms (248.841ms without children)
		CompileScripts: 2807.790ms
		ReloadNativeAssets: 0.027ms
		UnloadImportedAssets: 0.612ms
		EnsureUptoDateAssetsAreRegisteredWithGuidPM: 1.285ms
		InitializingProgressBar: 0.001ms
		PostProcessAllAssetNotificationsAddChangedAssets: 0.000ms
		OnDemandSchedulerStart: 0.519ms
	PostProcessAllAssets: 613.285ms
	Hotreload: 16.383ms
	GatherAllCurrentPrimaryArtifactRevisions: 0.002ms
	UnloadStreamsBegin: 2.015ms
	PersistCurrentRevisions: 0.227ms
	UnloadStreamsEnd: 0.001ms
	GenerateScriptTypeHashes: 13.877ms
	Untracked: 4243.208ms

Application.AssetDatabase Initial Refresh End
Scanning for USB devices : 2.915ms
Initializing Unity extensions:
[MODES] ModeService[none].Initialize
[MODES] ModeService[none].LoadModes
[MODES] Loading mode Default (0) for mode-current-id-stereoCrafter
Unloading 216 Unused Serialized files (Serialized files now loaded: 0)
Unloading 9977 unused Assets / (3.4 MB). Loaded Objects now: 13469.
Memory consumption went from 306.1 MB to 302.6 MB.
Total: 11.981000 ms (FindLiveObjects: 0.674300 ms CreateObjectMapping: 0.483600 ms MarkObjects: 8.796400 ms  DeleteObjects: 2.025800 ms)

Start importing Assets/Resources/Models/Animal/28_Goat.prefab using Guid(cf063f8b7280a754d97e40fe7e2d0415) (PrefabImporter) -> (artifact id: '32f50f5954f6b9d19990aac2c6581cbd') in 0.0072107 seconds
Refreshing native plugins compatible for Editor in 10.49 ms, found 17 plugins.
Preloading 2 native plugins for Editor in 0.10 ms.
Asset Pipeline Refresh (id=634726b14f51bcb438d3464cadeb7091): Total: 0.455 seconds - Initiated by StopAssetImportingV2(NoUpdateAssetOptions)
	Summary:
		Imports: total=1 (actual=1, local cache=0, cache server=0)
		Asset DB Process Time: managed=1 ms, native=92 ms
		Asset DB Callback time: managed=336 ms, native=24 ms
		Scripting: domain reloads=0, domain reload time=0 ms, compile time=0 ms, other=0 ms
		Project Asset Count: scripts=2967, non-scripts=5904
		Asset File Changes: new=0, changed=1, moved=1, deleted=0
		Scan Filter Count: 6
	InvokeCustomDependenciesCallbacks: 0.001ms
	InvokePackagesCallback: 0.001ms
	ApplyChangesToAssetFolders: 0.171ms
	Scan: 19.571ms
	OnSourceAssetsModified: 0.573ms
	CategorizeAssetsWithTransientArtifact: 0.004ms
	ProcessAssetsWithTransientArtifactChanges: 0.120ms
	CategorizeAssets: 42.075ms
	ImportOutOfDateAssets: 16.081ms (-4.965ms without children)
		ImportManagerImport: 14.345ms (6.855ms without children)
			ImportInProcess: 7.466ms
			UpdateCategorizedAssets: 0.024ms
		ReloadNativeAssets: 0.112ms
		UnloadImportedAssets: 0.279ms
		ReloadImportedAssets: 5.314ms
		EnsureUptoDateAssetsAreRegisteredWithGuidPM: 0.598ms
		InitializingProgressBar: 0.005ms
		PostProcessAllAssetNotificationsAddChangedAssets: 0.001ms
		OnDemandSchedulerStart: 0.392ms
	PostProcessAllAssets: 347.581ms
	Hotreload: 12.826ms
	GatherAllCurrentPrimaryArtifactRevisions: 0.377ms
	UnloadStreamsBegin: 4.070ms
	PersistCurrentRevisions: 0.282ms
	UnloadStreamsEnd: 0.001ms
	Untracked: 11.159ms

Start importing Assets/Resources/Models/Animal/29_Goat1.prefab using Guid(ecc45022d7e182145b1f98c1bd4d6a44) (PrefabImporter) -> (artifact id: '019a7e8a895b323987138dd192104ef6') in 0.0028539 seconds
Refreshing native plugins compatible for Editor in 10.58 ms, found 17 plugins.
Preloading 2 native plugins for Editor in 0.11 ms.
Asset Pipeline Refresh (id=fc55b5f437c4fe244afc19b1fe911348): Total: 0.070 seconds - Initiated by StopAssetImportingV2(NoUpdateAssetOptions)
Start importing Assets/Resources/Models/Animal/30_Goose.prefab using Guid(4bb7e81b896655041aa1ff703a7d0a21) (PrefabImporter) -> (artifact id: '5c8c687556dbf9d22a2e695064f0d1c0') in 0.0112555 seconds
Refreshing native plugins compatible for Editor in 9.46 ms, found 17 plugins.
Preloading 2 native plugins for Editor in 0.10 ms.
Asset Pipeline Refresh (id=8d48dcbe82238fc409d334c89e350590): Total: 0.066 seconds - Initiated by StopAssetImportingV2(NoUpdateAssetOptions)
Start importing Assets/Resources/Models/Animal/31_GrayWolf.prefab using Guid(09ac540245e9004419a5e50c110d01a2) (PrefabImporter) -> (artifact id: '2eda06fb0d48bf217b5b715c48adedb4') in 0.0064772 seconds
Refreshing native plugins compatible for Editor in 10.65 ms, found 17 plugins.
Preloading 2 native plugins for Editor in 0.15 ms.
Asset Pipeline Refresh (id=f230a861c06bddb4eb4549879389610b): Total: 0.067 seconds - Initiated by StopAssetImportingV2(NoUpdateAssetOptions)
Start importing Assets/Resources/Models/Animal/32_Guineafowl.prefab using Guid(4d4ce1cffd6e69c48b3de8bbd516a34d) (PrefabImporter) -> (artifact id: '5a2d4431e9df3bcf7152499edcc15dee') in 0.0088188 seconds
Refreshing native plugins compatible for Editor in 13.04 ms, found 17 plugins.
Preloading 2 native plugins for Editor in 0.12 ms.
Asset Pipeline Refresh (id=a38f17276a7123b4ca86a0346db31ca4): Total: 0.075 seconds - Initiated by StopAssetImportingV2(NoUpdateAssetOptions)
Start importing Assets/Resources/Models/Animal/33_Hare.prefab using Guid(252e41190ccdd67428f902e8a4c29a99) (PrefabImporter) -> (artifact id: 'eb32d7fb4f55d5322305027e007010e7') in 0.0034755 seconds
Refreshing native plugins compatible for Editor in 11.55 ms, found 17 plugins.
Preloading 2 native plugins for Editor in 0.10 ms.
Asset Pipeline Refresh (id=9103f2b17d4917b468d07a4eab243f82): Total: 0.071 seconds - Initiated by StopAssetImportingV2(NoUpdateAssetOptions)
Start importing Assets/Resources/Models/Animal/34_Hyena.prefab using Guid(736a5431410140b439291a6d2c019fbe) (PrefabImporter) -> (artifact id: 'f22f8ebedd7ed7089956233d35b44361') in 0.0039402 seconds
Refreshing native plugins compatible for Editor in 10.68 ms, found 17 plugins.
Preloading 2 native plugins for Editor in 0.10 ms.
Asset Pipeline Refresh (id=ce1ea1b71e90b084e85df8c6ed8c429e): Total: 0.067 seconds - Initiated by StopAssetImportingV2(NoUpdateAssetOptions)
Start importing Assets/Resources/Models/Animal/35_Kangaroo.prefab using Guid(40ae338bc9ee61c44a71d0b97f9a9d3b) (PrefabImporter) -> (artifact id: '127c0146def2bb0ef1ace5b7fb8142a9') in 0.016608 seconds
Refreshing native plugins compatible for Editor in 9.55 ms, found 17 plugins.
Preloading 2 native plugins for Editor in 0.10 ms.
Asset Pipeline Refresh (id=bd29d85428b6ebe458a92f9fb9372773): Total: 0.075 seconds - Initiated by StopAssetImportingV2(NoUpdateAssetOptions)
Start importing Assets/Resources/Models/Animal/36_LabradorDog.prefab using Guid(ba982327bc666214183a4454a50e09da) (PrefabImporter) -> (artifact id: 'd2a0768a65fd30dfb0136832c7d2b6bb') in 0.0045738 seconds
Refreshing native plugins compatible for Editor in 10.18 ms, found 17 plugins.
Preloading 2 native plugins for Editor in 0.09 ms.
Asset Pipeline Refresh (id=3ad0374ac2cc68241bcb6715c9b65a4d): Total: 0.070 seconds - Initiated by StopAssetImportingV2(NoUpdateAssetOptions)
Start importing Assets/Resources/Models/Animal/37_Lioness.prefab using Guid(622de1e919e2971428eff600a85b0c27) (PrefabImporter) -> (artifact id: 'dd6144d657fce15e367b2102589152bf') in 0.0046832 seconds
Refreshing native plugins compatible for Editor in 9.30 ms, found 17 plugins.
Preloading 2 native plugins for Editor in 0.09 ms.
Asset Pipeline Refresh (id=9e37364dbe42f68419a3adace9aef76e): Total: 0.069 seconds - Initiated by StopAssetImportingV2(NoUpdateAssetOptions)
Start importing Assets/Resources/Models/Animal/38_LionessV2.prefab using Guid(4803b83c6f2f5af43a500a90ffef1d9f) (PrefabImporter) -> (artifact id: 'c0bfd20b7189ec20928325cde5362380') in 0.0038396 seconds
Refreshing native plugins compatible for Editor in 10.08 ms, found 17 plugins.
Preloading 2 native plugins for Editor in 0.10 ms.
Asset Pipeline Refresh (id=5f98470813f83eb4786a401bd3174371): Total: 0.063 seconds - Initiated by StopAssetImportingV2(NoUpdateAssetOptions)
Start importing Assets/Resources/Models/Animal/39_Lynx.prefab using Guid(937b9a1fc9144d54aa1cd6a3b740ccf4) (PrefabImporter) -> (artifact id: 'fb492796716479bf7839a9106c8c8cca') in 0.0038252 seconds
Refreshing native plugins compatible for Editor in 8.59 ms, found 17 plugins.
Preloading 2 native plugins for Editor in 0.09 ms.
Asset Pipeline Refresh (id=8139bca5df5d7f546aff759980192207): Total: 0.061 seconds - Initiated by StopAssetImportingV2(NoUpdateAssetOptions)
Start importing Assets/Resources/Models/Animal/40_Mammoth.prefab using Guid(9329b420b26e22d4f81e2c78e41ac8a1) (PrefabImporter) -> (artifact id: 'a1ba0ea965a362cb1a90c1560ace223b') in 0.0049279 seconds
Refreshing native plugins compatible for Editor in 9.69 ms, found 17 plugins.
Preloading 2 native plugins for Editor in 0.10 ms.
Asset Pipeline Refresh (id=ccb192ab67f2344418e41382caa84c10): Total: 0.066 seconds - Initiated by StopAssetImportingV2(NoUpdateAssetOptions)
Start importing Assets/Resources/Models/Animal/41_Moose.prefab using Guid(78755bca12d239c4bb902d7029eb7ff3) (PrefabImporter) -> (artifact id: '48f018e03f10ff65df13123a1fba9907') in 0.00357 seconds
Refreshing native plugins compatible for Editor in 9.99 ms, found 17 plugins.
Preloading 2 native plugins for Editor in 0.09 ms.
Asset Pipeline Refresh (id=b5c44659940273c4291370a75fccbc33): Total: 0.066 seconds - Initiated by StopAssetImportingV2(NoUpdateAssetOptions)
Start importing Assets/Resources/Models/Animal/42_Moose1.0.prefab using Guid(c052056079025674089b1b2a1791479a) (PrefabImporter) -> (artifact id: '65dd38c5a9d5e811aed688d80874f88b') in 0.0032371 seconds
Refreshing native plugins compatible for Editor in 9.93 ms, found 17 plugins.
Preloading 2 native plugins for Editor in 0.09 ms.
Asset Pipeline Refresh (id=79ba8f6cddbbc954ab67bd11e9964085): Total: 0.064 seconds - Initiated by StopAssetImportingV2(NoUpdateAssetOptions)
Start importing Assets/Resources/Models/Animal/43_MooseF.prefab using Guid(4573af287e67a2c48996701bb19221cc) (PrefabImporter) -> (artifact id: '0cd558a15a58e0369e0d7f9ac157479f') in 0.0039823 seconds
Refreshing native plugins compatible for Editor in 9.12 ms, found 17 plugins.
Preloading 2 native plugins for Editor in 0.10 ms.
Asset Pipeline Refresh (id=eff91db4170d4a94fb1e143728d54603): Total: 0.065 seconds - Initiated by StopAssetImportingV2(NoUpdateAssetOptions)
Start importing Assets/Resources/Models/Animal/44_MooseM.prefab using Guid(cdfb9e6364f11ed4da54f98714ae6a9a) (PrefabImporter) -> (artifact id: '6a1cb65e1fd3a0195010597281670571') in 0.0036078 seconds
Refreshing native plugins compatible for Editor in 9.13 ms, found 17 plugins.
Preloading 2 native plugins for Editor in 0.10 ms.
Asset Pipeline Refresh (id=50b28610c2d0b9e4c9b6bda89bf561d4): Total: 0.064 seconds - Initiated by StopAssetImportingV2(NoUpdateAssetOptions)
Start importing Assets/Resources/Models/Animal/45_MountainGoat.prefab using Guid(0cf5f5ee940e8964fb426347f9139d2e) (PrefabImporter) -> (artifact id: '34c794a96db2e180f1b26692659d489e') in 0.0035873 seconds
Refreshing native plugins compatible for Editor in 8.83 ms, found 17 plugins.
Preloading 2 native plugins for Editor in 0.09 ms.
Asset Pipeline Refresh (id=4757569b805a4194d911187bd71ac4aa): Total: 0.064 seconds - Initiated by StopAssetImportingV2(NoUpdateAssetOptions)
Start importing Assets/Resources/Models/Animal/46_Pheasant.prefab using Guid(3d395eddb51dc2947a61ca088edd37cd) (PrefabImporter) -> (artifact id: '787d710d4bb495c9e30a30c0c86c7819') in 0.0115878 seconds
Refreshing native plugins compatible for Editor in 9.82 ms, found 17 plugins.
Preloading 2 native plugins for Editor in 0.10 ms.
Asset Pipeline Refresh (id=1355ab33108084b409479edeec63f526): Total: 0.068 seconds - Initiated by StopAssetImportingV2(NoUpdateAssetOptions)
Start importing Assets/Resources/Models/Animal/47_Pronghorn1.0.prefab using Guid(1533ccd91aa7ae6469fe5412bc787f1d) (PrefabImporter) -> (artifact id: '9787133517f0f809822c5e603bc3e088') in 0.00298 seconds
Refreshing native plugins compatible for Editor in 10.51 ms, found 17 plugins.
Preloading 2 native plugins for Editor in 0.10 ms.
Asset Pipeline Refresh (id=40ca3a448b37498498c1d5e3fcc90433): Total: 0.064 seconds - Initiated by StopAssetImportingV2(NoUpdateAssetOptions)
Start importing Assets/Resources/Models/Animal/48_Puma.prefab using Guid(a5af412318e9a70409237bc688030dc2) (PrefabImporter) -> (artifact id: '8e68a744dedadd1c2614fba154c419e1') in 0.0041424 seconds
Refreshing native plugins compatible for Editor in 9.00 ms, found 17 plugins.
Preloading 2 native plugins for Editor in 0.10 ms.
Asset Pipeline Refresh (id=3a402d24c11360e469e200904e028a21): Total: 0.066 seconds - Initiated by StopAssetImportingV2(NoUpdateAssetOptions)
Start importing Assets/Resources/Models/Animal/49_Rabbit.prefab using Guid(503871bae7f3e79448377ac18fa3d28f) (PrefabImporter) -> (artifact id: '782af919be458b7474b885522a03ab82') in 0.0031846 seconds
Refreshing native plugins compatible for Editor in 9.78 ms, found 17 plugins.
Preloading 2 native plugins for Editor in 0.09 ms.
Asset Pipeline Refresh (id=ee543296e5e0f3f4f93ae4a78478e6dc): Total: 0.060 seconds - Initiated by StopAssetImportingV2(NoUpdateAssetOptions)
Start importing Assets/Resources/Models/Animal/50_Racoon.prefab using Guid(1078e0829a6e0574f99c63b80648aabd) (PrefabImporter) -> (artifact id: '9d9568ae1f1779e6d80ff218dd5911ef') in 0.0047691 seconds
Refreshing native plugins compatible for Editor in 8.78 ms, found 17 plugins.
Preloading 2 native plugins for Editor in 0.10 ms.
Asset Pipeline Refresh (id=fa6557d2ee924454c94ad18990daff33): Total: 0.066 seconds - Initiated by StopAssetImportingV2(NoUpdateAssetOptions)
Start importing Assets/Resources/Models/Animal/51_Warthog.prefab using Guid(cd2dcf62933c92b4f986aa4014fa351d) (PrefabImporter) -> (artifact id: '0438b2c435682277d9d252d17843c826') in 0.0041852 seconds
Refreshing native plugins compatible for Editor in 9.42 ms, found 17 plugins.
Preloading 2 native plugins for Editor in 0.09 ms.
Asset Pipeline Refresh (id=f9856c795d27b214fbb28b796ecc80b7): Total: 0.069 seconds - Initiated by StopAssetImportingV2(NoUpdateAssetOptions)
Asset Pipeline Refresh (id=188864f4fb8d1d049b298bd5d33f7f01): Total: 0.009 seconds - Initiated by RefreshV2(NoUpdateAssetOptions)
[AnimalIndexPrefixer] Done. Renamed 24/52.
Batchmode quit successfully invoked - shutting down!
Killing ADB server in 0.0343891 seconds.
Input System module state changed to: ShutdownInProgress.
Input System polling thread exited.
Input System module state changed to: Shutdown.
[Licensing::IpcConnector] LicenseClient-y9800-notifications channel disconnected successfully.
[Licensing::IpcConnector] LicenseClient-y9800 channel disconnected successfully.
AcceleratorClientConnectionCallback - disconnected - :0
Cleanup mono
abort_threads: Failed aborting id: 0000000000004588, mono_thread_manage will ignore it

abort_threads: Failed aborting id: 0000000000009710, mono_thread_manage will ignore it

abort_threads: Failed aborting id: 0000000000004588, mono_thread_manage will ignore it

abort_threads: Failed aborting id: 0000000000009710, mono_thread_manage will ignore it

debugger-agent: Unable to listen on 3556
Exiting batchmode successfully now!
Exiting without the bug reporter. Application will terminate with return code 0