[Licensing::Module] Trying to connect to existing licensing client channel...
Built from '6000.0/respin/6000.0.60f1-f02d6f9f9009' branch; Version is '6000.0.60f1 (61dfb374e36f) revision 6414259'; Using compiler version '193933523'; Build Type 'Release'
[Licensing::IpcConnector] Successfully connected to: "LicenseClient-y9800" at "2026-07-16T05:51:25.3984621Z"
OS: 'Windows 11  (10.0.26200) 64bit Core' Language: 'en' Physical Memory: 32616 MB
BatchMode: 1, IsHumanControllingUs: 0, StartBugReporterOnCrash: 0, Is64bit: 1
Date: 2026-07-16T05:51:25Z

COMMAND LINE ARGUMENTS:
C:\Program Files\Unity\Hub\Editor\6000.0.60f1\Editor\Unity.exe
-batchmode
-nographics
-quit
-projectPath
c:/Users/y9800/Unity_project/VisionGraft
-executeMethod
AnimalDiagnostics.Run
-logFile
c:/Users/y9800/Unity_project/VisionGraft/animal_diagnostics3.log
Successfully changed project path to: c:/Users/y9800/Unity_project/VisionGraft
C:/Users/y9800/Unity_project/VisionGraft
[UnityMemory] Configuration Parameters - Can be set up in boot.config
    "memorysetup-bucket-allocator-granularity=16"
    "memorysetup-bucket-allocator-bucket-count=8"
    "memorysetup-bucket-allocator-block-size=33554432"
    "memorysetup-bucket-allocator-block-count=8"
    "memorysetup-main-allocator-block-size=16777216"
    "memorysetup-thread-allocator-block-size=16777216"
    "memorysetup-gfx-main-allocator-block-size=16777216"
    "memorysetup-gfx-thread-allocator-block-size=16777216"
    "memorysetup-cache-allocator-block-size=4194304"
    "memorysetup-typetree-allocator-block-size=2097152"
    "memorysetup-profiler-bucket-allocator-granularity=16"
    "memorysetup-profiler-bucket-allocator-bucket-count=8"
    "memorysetup-profiler-bucket-allocator-block-size=33554432"
    "memorysetup-profiler-bucket-allocator-block-count=8"
    "memorysetup-profiler-allocator-block-size=16777216"
    "memorysetup-profiler-editor-allocator-block-size=1048576"
    "memorysetup-temp-allocator-size-main=16777216"
    "memorysetup-job-temp-allocator-block-size=2097152"
    "memorysetup-job-temp-allocator-block-size-background=1048576"
    "memorysetup-job-temp-allocator-reduction-small-platforms=262144"
    "memorysetup-allocator-temp-initial-block-size-main=262144"
    "memorysetup-allocator-temp-initial-block-size-worker=262144"
    "memorysetup-temp-allocator-size-background-worker=32768"
    "memorysetup-temp-allocator-size-job-worker=262144"
    "memorysetup-temp-allocator-size-preload-manager=33554432"
    "memorysetup-temp-allocator-size-nav-mesh-worker=65536"
    "memorysetup-temp-allocator-size-audio-worker=65536"
    "memorysetup-temp-allocator-size-cloud-worker=32768"
    "memorysetup-temp-allocator-size-gi-baking-worker=262144"
    "memorysetup-temp-allocator-size-gi-baking-worker=262144"
    "memorysetup-temp-allocator-size-gi-baking-worker=262144"
    "memorysetup-temp-allocator-size-gi-baking-worker=262144"
    "memorysetup-temp-allocator-size-gi-baking-worker=262144"
    "memorysetup-temp-allocator-size-gfx=262144"
Player connection [15660]  Target information:

Player connection [15660]  * "[IP] 192.168.3.2 [Port] 55504 [Flags] 2 [Guid] 2762514587 [EditorId] 2762514587 [Version] 1048832 [Id] WindowsEditor(7,kawanishi) [Debug] 1 [PackageName] WindowsEditor [ProjectName] Editor" 

Player connection [15660]  * "[IP] 26.242.87.8 [Port] 55504 [Flags] 2 [Guid] 2762514587 [EditorId] 2762514587 [Version] 1048832 [Id] WindowsEditor(7,kawanishi) [Debug] 1 [PackageName] WindowsEditor [ProjectName] Editor" 

Player connection [15660] Host joined multi-casting on [225.0.0.222:54997]...
Player connection [15660] Host joined alternative multi-casting on [225.0.0.222:34997]...
Input System module state changed to: Initialized.
[Physics::Module] Initialized fallback backend.
[Physics::Module] Id: 0xdecafbad
[Licensing::Client] Code 10 while verifying Licensing Client signature (process Id: 34344, path: "C:/Program Files/Unity Hub/UnityLicensingClient_V1/Unity.Licensing.Client.exe")
[Licensing::Module] LicensingClient has failed validation; ignoring
[Licensing::Client] Handshaking with LicensingClient:
  Version:                 1.17.4+4293ba1
  Session Id:              74fa48aa8e6246a0b8a600464609b43c
  Correlation Id:          3cb88a61a4dc25c42a29acb5cef2322d
  External correlation Id: 543043841382429592
  Machine Id:              H7Ma11Ci3lcP8JAg0CSIpZLwTfs=
[Licensing::Module] Successfully connected to LicensingClient on channel: "LicenseClient-y9800" (connect: 0.00s, validation: 0.00s, handshake: 0.03s)
[Licensing::IpcConnector] Successfully connected to: "LicenseClient-y9800-notifications" at "2026-07-16T05:51:25.4257424Z"
[Licensing::Module] Error: Access token is unavailable; failed to update
[Licensing::Client] Successfully resolved entitlement details
[Licensing::Module] License group:
  Id: F4-FK67-JP9U-N883-8S9S-XXXX
  Product: Unity Personal
  Type: ULF
  Expiration: Unlimited
[Licensing::Module] License group:
  Id: 15668689674507-UnityPersXXXX
  Product: Unity Personal
  Type: Assigned
  Expiration: Unlimited
[Licensing::Client] Successfully updated license, isAsync: True, time: 0.00
[Licensing::Client] Successfully resolved entitlement details
[Licensing::Module] License group:
  Id: F4-FK67-JP9U-N883-8S9S-XXXX
  Product: Unity Personal
  Type: ULF
  Expiration: Unlimited
[Licensing::Module] License group:
  Id: 15668689674507-UnityPersXXXX
  Product: Unity Personal
  Type: Assigned
  Expiration: Unlimited
[Licensing::Module] Licensing Background thread has ended after 0.03s
[Package Manager] Connected to IPC stream "Upm-53508" after 0.2 seconds.
Library Redirect Path: Library/
[Licensing::Client] Successfully resolved entitlement details
[Licensing::Module] License group:
  Id: F4-FK67-JP9U-N883-8S9S-XXXX
  Product: Unity Personal
  Type: ULF
  Expiration: Unlimited
[Licensing::Module] License group:
  Id: 15668689674507-UnityPersXXXX
  Product: Unity Personal
  Type: Assigned
  Expiration: Unlimited
Refreshing native plugins compatible for Editor in 1.92 ms, found 0 plugins.
Preloading 0 native plugins for Editor in 0.00 ms.
Initialize engine version: 6000.0.60f1 (61dfb374e36f)
[Subsystems] Discovering subsystems at path C:/Program Files/Unity/Hub/Editor/6000.0.60f1/Editor/Data/Resources/UnitySubsystems
[Subsystems] Discovering subsystems at path C:/Users/y9800/Unity_project/VisionGraft/Assets
Forcing GfxDevice: Null
GfxDevice: creating device client; kGfxThreadingModeNonThreaded
NullGfxDevice:
    Version:  NULL 1.0 [1.0]
    Renderer: Null Device
    Vendor:   Unity Technologies
Shader Hidden/ProbeVolume/VoxelizeScene is not supported: GPU does not support conservative rasterization
Shader 'Meta/MRUK/Scene/HighlightsAndShadows': fallback shader 'Off' not found
Shader 'Oculus/OVRMRCameraFrameLit': fallback shader 'Alpha-Diffuse' not found
Initialize mono
Mono path[0] = 'C:/Program Files/Unity/Hub/Editor/6000.0.60f1/Editor/Data/Managed'
Mono path[1] = 'C:/Program Files/Unity/Hub/Editor/6000.0.60f1/Editor/Data/MonoBleedingEdge/lib/mono/unityjit-win32'
Mono config path = 'C:/Program Files/Unity/Hub/Editor/6000.0.60f1/Editor/Data/MonoBleedingEdge/etc'
Using monoOptions --debugger-agent=transport=dt_socket,embedding=1,server=y,suspend=n,address=127.0.0.1:56508
Using cacheserver namespaces - metadata:defaultmetadata, artifacts:defaultartifacts
Using cacheserver namespaces - metadata:defaultmetadata, artifacts:defaultartifacts
ImportWorker Server TCP listen port: 0
AcceleratorClientConnectionCallback - disconnected - :0
Begin MonoManager ReloadAssembly
Registering precompiled unity dll's ...
Register platform support module: C:/Program Files/Unity/Hub/Editor/6000.0.60f1/Editor/Data/PlaybackEngines/WindowsStandaloneSupport/UnityEditor.WindowsStandalone.Extensions.dll
Register platform support module: C:/Program Files/Unity/Hub/Editor/6000.0.60f1/Editor/Data/PlaybackEngines/AndroidPlayer/UnityEditor.Android.Extensions.dll
Registered in 0.002493 seconds.
- Loaded All Assemblies, in  0.241 seconds
Native extension for Android target not found
Android Extension - Scanning For ADB Devices 2175 ms
Native extension for WindowsStandalone target not found
Mono: successfully reloaded assembly
- Finished resetting the current domain, in  2.393 seconds
Domain Reload Profiling: 2632ms
	BeginReloadAssembly (80ms)
		ExecutionOrderSort (0ms)
		DisableScriptedObjects (0ms)
		BackupInstance (0ms)
		ReleaseScriptingObjects (0ms)
		CreateAndSetChildDomain (0ms)
	RebuildCommonClasses (24ms)
	RebuildNativeTypeToScriptingClass (7ms)
	initialDomainReloadingComplete (32ms)
	LoadAllAssembliesAndSetupDomain (97ms)
		LoadAssemblies (78ms)
		RebuildTransferFunctionScriptingTraits (0ms)
		AnalyzeDomain (95ms)
			TypeCache.Refresh (94ms)
				TypeCache.ScanAssembly (85ms)
			BuildScriptInfoCaches (0ms)
			ResolveRequiredComponents (0ms)
	FinalizeReload (2393ms)
		ReleaseScriptCaches (0ms)
		RebuildScriptCaches (0ms)
		SetupLoadedEditorAssemblies (2372ms)
			LogAssemblyErrors (0ms)
			InitializePlatformSupportModulesInManaged (2228ms)
			SetLoadedEditorAssemblies (3ms)
			BeforeProcessingInitializeOnLoad (33ms)
			ProcessInitializeOnLoadAttributes (75ms)
			ProcessInitializeOnLoadMethodAttributes (33ms)
			AfterProcessingInitializeOnLoad (0ms)
			EditorAssembliesLoaded (0ms)
		ExecutionOrderSort2 (0ms)
		AwakeInstancesAfterBackupRestoration (0ms)
[Licensing::Client] Successfully resolved entitlement details
[Licensing::Module] License group:
  Id: F4-FK67-JP9U-N883-8S9S-XXXX
  Product: Unity Personal
  Type: ULF
  Expiration: Unlimited
[Licensing::Module] License group:
  Id: 15668689674507-UnityPersXXXX
  Product: Unity Personal
  Type: Assigned
  Expiration: Unlimited
[Licensing::Client] Successfully resolved entitlement details
[Licensing::Module] License group:
  Id: F4-FK67-JP9U-N883-8S9S-XXXX
  Product: Unity Personal
  Type: ULF
  Expiration: Unlimited
[Licensing::Module] License group:
  Id: 15668689674507-UnityPersXXXX
  Product: Unity Personal
  Type: Assigned
  Expiration: Unlimited
Application.AssetDatabase Initial Refresh Start
Package Manager log level set to [2]
[Package Manager] Restoring resolved packages state from cache
[Licensing::Client] Successfully resolved entitlement details
[Package Manager] Registered 76 packages:
  Packages from [https://packages.unity.com]:
    com.meta.xr.sdk.all@81.0.0 (location: C:\Users\y9800\Unity_project\VisionGraft\Library\PackageCache\com.meta.xr.sdk.all@3c787aa87d70)
    com.unity.ai.navigation@2.0.9 (location: C:\Users\y9800\Unity_project\VisionGraft\Library\PackageCache\com.unity.ai.navigation@5218e4bf7edc)
    com.unity.collab-proxy@2.9.3 (location: C:\Users\y9800\Unity_project\VisionGraft\Library\PackageCache\com.unity.collab-proxy@ab839cc7d2ad)
    com.unity.device-simulator.devices@1.0.1 (location: C:\Users\y9800\Unity_project\VisionGraft\Library\PackageCache\com.unity.device-simulator.devices@2af643ceec84)
    com.unity.ide.rider@3.0.38 (location: C:\Users\y9800\Unity_project\VisionGraft\Library\PackageCache\com.unity.ide.rider@1f60b3138684)
    com.unity.ide.visualstudio@2.0.23 (location: C:\Users\y9800\Unity_project\VisionGraft\Library\PackageCache\com.unity.ide.visualstudio@198cdf337d13)
    com.unity.inputsystem@1.14.2 (location: C:\Users\y9800\Unity_project\VisionGraft\Library\PackageCache\com.unity.inputsystem@be6c4fd0abf5)
    com.unity.timeline@1.8.9 (location: C:\Users\y9800\Unity_project\VisionGraft\Library\PackageCache\com.unity.timeline@6b9e48457ddb)
    com.unity.visualscripting@1.9.7 (location: C:\Users\y9800\Unity_project\VisionGraft\Library\PackageCache\com.unity.visualscripting@6279e2b7c485)
    com.unity.xr.management@4.5.3 (location: C:\Users\y9800\Unity_project\VisionGraft\Library\PackageCache\com.unity.xr.management@574ebfb1e976)
    com.unity.xr.mock-hmd@1.4.0-preview.2 (location: C:\Users\y9800\Unity_project\VisionGraft\Library\PackageCache\com.unity.xr.mock-hmd@bf4cb37c5d7a)
    com.unity.xr.openxr@1.15.1 (location: C:\Users\y9800\Unity_project\VisionGraft\Library\PackageCache\com.unity.xr.openxr@05fb1a7d75d1)
    com.unity.mathematics@1.3.2 (location: C:\Users\y9800\Unity_project\VisionGraft\Library\PackageCache\com.unity.mathematics@8017b507cc74)
    com.unity.xr.core-utils@2.5.3 (location: C:\Users\y9800\Unity_project\VisionGraft\Library\PackageCache\com.unity.xr.core-utils@f0450cbac8d6)
    com.unity.xr.legacyinputhelpers@2.1.12 (location: C:\Users\y9800\Unity_project\VisionGraft\Library\PackageCache\com.unity.xr.legacyinputhelpers@b7579e86f3b4)
    com.meta.xr.sdk.core@81.0.0 (location: C:\Users\y9800\Unity_project\VisionGraft\Library\PackageCache\com.meta.xr.sdk.core@d6da9ab40659)
    com.meta.xr.sdk.audio@81.0.0 (location: C:\Users\y9800\Unity_project\VisionGraft\Library\PackageCache\com.meta.xr.sdk.audio@ca86912b4d20)
    com.meta.xr.sdk.voice@81.0.0 (location: C:\Users\y9800\Unity_project\VisionGraft\Library\PackageCache\com.meta.xr.sdk.voice@1613052ece81)
    com.meta.xr.simulator@81.0.0 (location: C:\Users\y9800\Unity_project\VisionGraft\Library\PackageCache\com.meta.xr.simulator@e73b5fdb5a5a)
    com.meta.xr.sdk.haptics@81.0.0 (location: C:\Users\y9800\Unity_project\VisionGraft\Library\PackageCache\com.meta.xr.sdk.haptics@cd1f215a823c)
    com.meta.xr.mrutilitykit@81.0.0 (location: C:\Users\y9800\Unity_project\VisionGraft\Library\PackageCache\com.meta.xr.mrutilitykit@7a74cdb228ff)
    com.meta.xr.sdk.platform@81.0.0 (location: C:\Users\y9800\Unity_project\VisionGraft\Library\PackageCache\com.meta.xr.sdk.platform@b9f1cf4de8ae)
    com.meta.xr.sdk.interaction@81.0.0 (location: C:\Users\y9800\Unity_project\VisionGraft\Library\PackageCache\com.meta.xr.sdk.interaction@33d664ec3528)
    com.meta.xr.sdk.interaction.ovr@81.0.0 (location: C:\Users\y9800\Unity_project\VisionGraft\Library\PackageCache\com.meta.xr.sdk.interaction.ovr@2b29786f9906)
    com.unity.searcher@4.9.3 (location: C:\Users\y9800\Unity_project\VisionGraft\Library\PackageCache\com.unity.searcher@1e17ce91558d)
    com.unity.burst@1.8.25 (location: C:\Users\y9800\Unity_project\VisionGraft\Library\PackageCache\com.unity.burst@1df634d836b8)
    com.unity.collections@2.6.2 (location: C:\Users\y9800\Unity_project\VisionGraft\Library\PackageCache\com.unity.collections@aea9d3bd5e19)
    com.unity.nuget.newtonsoft-json@3.2.1 (location: C:\Users\y9800\Unity_project\VisionGraft\Library\PackageCache\com.unity.nuget.newtonsoft-json@74deb55db2a0)
    com.unity.nuget.mono-cecil@1.11.5 (location: C:\Users\y9800\Unity_project\VisionGraft\Library\PackageCache\com.unity.nuget.mono-cecil@d78732e851eb)
    com.unity.test-framework.performance@3.2.0 (location: C:\Users\y9800\Unity_project\VisionGraft\Library\PackageCache\com.unity.test-framework.performance@0840f58e4562)
  Built-in packages:
    com.unity.multiplayer.center@1.0.0 (location: C:\Users\y9800\Unity_project\VisionGraft\Library\PackageCache\com.unity.multiplayer.center@f3fb577b3546)
    com.unity.render-pipelines.universal@17.0.4 (location: C:\Users\y9800\Unity_project\VisionGraft\Library\PackageCache\com.unity.render-pipelines.universal@ba24149c0920)
    com.unity.test-framework@1.6.0 (location: C:\Users\y9800\Unity_project\VisionGraft\Library\PackageCache\com.unity.test-framework@0baaad2f700c)
    com.unity.ugui@2.0.0 (location: C:\Users\y9800\Unity_project\VisionGraft\Library\PackageCache\com.unity.ugui@27299721f2fd)
    com.unity.modules.accessibility@1.0.0 (location: C:\Program Files\Unity\Hub\Editor\6000.0.60f1\Editor\Data\Resources\PackageManager\BuiltInPackages\com.unity.modules.accessibility)
    com.unity.modules.ai@1.0.0 (location: C:\Program Files\Unity\Hub\Editor\6000.0.60f1\Editor\Data\Resources\PackageManager\BuiltInPackages\com.unity.modules.ai)
    com.unity.modules.androidjni@1.0.0 (location: C:\Program Files\Unity\Hub\Editor\6000.0.60f1\Editor\Data\Resources\PackageManager\BuiltInPackages\com.unity.modules.androidjni)
    com.unity.modules.animation@1.0.0 (location: C:\Program Files\Unity\Hub\Editor\6000.0.60f1\Editor\Data\Resources\PackageManager\BuiltInPackages\com.unity.modules.animation)
    com.unity.modules.assetbundle@1.0.0 (location: C:\Program Files\Unity\Hub\Editor\6000.0.60f1\Editor\Data\Resources\PackageManager\BuiltInPackages\com.unity.modules.assetbundle)
    com.unity.modules.audio@1.0.0 (location: C:\Program Files\Unity\Hub\Editor\6000.0.60f1\Editor\Data\Resources\PackageManager\BuiltInPackages\com.unity.modules.audio)
    com.unity.modules.cloth@1.0.0 (location: C:\Program Files\Unity\Hub\Editor\6000.0.60f1\Editor\Data\Resources\PackageManager\BuiltInPackages\com.unity.modules.cloth)
    com.unity.modules.director@1.0.0 (location: C:\Program Files\Unity\Hub\Editor\6000.0.60f1\Editor\Data\Resources\PackageManager\BuiltInPackages\com.unity.modules.director)
    com.unity.modules.imageconversion@1.0.0 (location: C:\Program Files\Unity\Hub\Editor\6000.0.60f1\Editor\Data\Resources\PackageManager\BuiltInPackages\com.unity.modules.imageconversion)
    com.unity.modules.imgui@1.0.0 (location: C:\Program Files\Unity\Hub\Editor\6000.0.60f1\Editor\Data\Resources\PackageManager\BuiltInPackages\com.unity.modules.imgui)
    com.unity.modules.jsonserialize@1.0.0 (location: C:\Program Files\Unity\Hub\Editor\6000.0.60f1\Editor\Data\Resources\PackageManager\BuiltInPackages\com.unity.modules.jsonserialize)
    com.unity.modules.particlesystem@1.0.0 (location: C:\Program Files\Unity\Hub\Editor\6000.0.60f1\Editor\Data\Resources\PackageManager\BuiltInPackages\com.unity.modules.particlesystem)
    com.unity.modules.physics@1.0.0 (location: C:\Program Files\Unity\Hub\Editor\6000.0.60f1\Editor\Data\Resources\PackageManager\BuiltInPackages\com.unity.modules.physics)
    com.unity.modules.physics2d@1.0.0 (location: C:\Program Files\Unity\Hub\Editor\6000.0.60f1\Editor\Data\Resources\PackageManager\BuiltInPackages\com.unity.modules.physics2d)
    com.unity.modules.screencapture@1.0.0 (location: C:\Program Files\Unity\Hub\Editor\6000.0.60f1\Editor\Data\Resources\PackageManager\BuiltInPackages\com.unity.modules.screencapture)
    com.unity.modules.terrain@1.0.0 (location: C:\Program Files\Unity\Hub\Editor\6000.0.60f1\Editor\Data\Resources\PackageManager\BuiltInPackages\com.unity.modules.terrain)
    com.unity.modules.terrainphysics@1.0.0 (location: C:\Program Files\Unity\Hub\Editor\6000.0.60f1\Editor\Data\Resources\PackageManager\BuiltInPackages\com.unity.modules.terrainphysics)
    com.unity.modules.tilemap@1.0.0 (location: C:\Program Files\Unity\Hub\Editor\6000.0.60f1\Editor\Data\Resources\PackageManager\BuiltInPackages\com.unity.modules.tilemap)
    com.unity.modules.ui@1.0.0 (location: C:\Program Files\Unity\Hub\Editor\6000.0.60f1\Editor\Data\Resources\PackageManager\BuiltInPackages\com.unity.modules.ui)
    com.unity.modules.uielements@1.0.0 (location: C:\Program Files\Unity\Hub\Editor\6000.0.60f1\Editor\Data\Resources\PackageManager\BuiltInPackages\com.unity.modules.uielements)
    com.unity.modules.umbra@1.0.0 (location: C:\Program Files\Unity\Hub\Editor\6000.0.60f1\Editor\Data\Resources\PackageManager\BuiltInPackages\com.unity.modules.umbra)
    com.unity.modules.unityanalytics@1.0.0 (location: C:\Program Files\Unity\Hub\Editor\6000.0.60f1\Editor\Data\Resources\PackageManager\BuiltInPackages\com.unity.modules.unityanalytics)
    com.unity.modules.unitywebrequest@1.0.0 (location: C:\Program Files\Unity\Hub\Editor\6000.0.60f1\Editor\Data\Resources\PackageManager\BuiltInPackages\com.unity.modules.unitywebrequest)
    com.unity.modules.unitywebrequestassetbundle@1.0.0 (location: C:\Program Files\Unity\Hub\Editor\6000.0.60f1\Editor\Data\Resources\PackageManager\BuiltInPackages\com.unity.modules.unitywebrequestassetbundle)
    com.unity.modules.unitywebrequestaudio@1.0.0 (location: C:\Program Files\Unity\Hub\Editor\6000.0.60f1\Editor\Data\Resources\PackageManager\BuiltInPackages\com.unity.modules.unitywebrequestaudio)
    com.unity.modules.unitywebrequesttexture@1.0.0 (location: C:\Program Files\Unity\Hub\Editor\6000.0.60f1\Editor\Data\Resources\PackageManager\BuiltInPackages\com.unity.modules.unitywebrequesttexture)
    com.unity.modules.unitywebrequestwww@1.0.0 (location: C:\Program Files\Unity\Hub\Editor\6000.0.60f1\Editor\Data\Resources\PackageManager\BuiltInPackages\com.unity.modules.unitywebrequestwww)
    com.unity.modules.vehicles@1.0.0 (location: C:\Program Files\Unity\Hub\Editor\6000.0.60f1\Editor\Data\Resources\PackageManager\BuiltInPackages\com.unity.modules.vehicles)
    com.unity.modules.video@1.0.0 (location: C:\Program Files\Unity\Hub\Editor\6000.0.60f1\Editor\Data\Resources\PackageManager\BuiltInPackages\com.unity.modules.video)
    com.unity.modules.vr@1.0.0 (location: C:\Program Files\Unity\Hub\Editor\6000.0.60f1\Editor\Data\Resources\PackageManager\BuiltInPackages\com.unity.modules.vr)
    com.unity.modules.wind@1.0.0 (location: C:\Program Files\Unity\Hub\Editor\6000.0.60f1\Editor\Data\Resources\PackageManager\BuiltInPackages\com.unity.modules.wind)
    com.unity.modules.xr@1.0.0 (location: C:\Program Files\Unity\Hub\Editor\6000.0.60f1\Editor\Data\Resources\PackageManager\BuiltInPackages\com.unity.modules.xr)
    com.unity.modules.subsystems@1.0.0 (location: C:\Program Files\Unity\Hub\Editor\6000.0.60f1\Editor\Data\Resources\PackageManager\BuiltInPackages\com.unity.modules.subsystems)
    com.unity.modules.hierarchycore@1.0.0 (location: C:\Program Files\Unity\Hub\Editor\6000.0.60f1\Editor\Data\Resources\PackageManager\BuiltInPackages\com.unity.modules.hierarchycore)
    com.unity.ext.nunit@2.0.5 (location: C:\Users\y9800\Unity_project\VisionGraft\Library\PackageCache\com.unity.ext.nunit@031a54704bff)
    com.unity.render-pipelines.core@17.0.4 (location: C:\Users\y9800\Unity_project\VisionGraft\Library\PackageCache\com.unity.render-pipelines.core@3d082aa477f5)
    com.unity.shadergraph@17.0.4 (location: C:\Users\y9800\Unity_project\VisionGraft\Library\PackageCache\com.unity.shadergraph@6f01d23bdcbb)
    com.unity.render-pipelines.universal-config@17.0.3 (location: C:\Users\y9800\Unity_project\VisionGraft\Library\PackageCache\com.unity.render-pipelines.universal-config@dd206bf35d04)
    com.unity.rendering.light-transport@1.0.1 (location: C:\Users\y9800\Unity_project\VisionGraft\Library\PackageCache\com.unity.rendering.light-transport@9bd588f963c0)
    com.unity.textmeshpro@5.0.0 (location: C:\Users\y9800\Unity_project\VisionGraft\Library\PackageCache\com.unity.textmeshpro@53f43edfd2e0)
  Embedded packages:
    com.vrmc.gltf@file:C:\Users\y9800\Unity_project\VisionGraft\Packages\com.vrmc.gltf (location: C:\Users\y9800\Unity_project\VisionGraft\Packages\com.vrmc.gltf)
    com.vrmc.vrm@file:C:\Users\y9800\Unity_project\VisionGraft\Packages\com.vrmc.vrm (location: C:\Users\y9800\Unity_project\VisionGraft\Packages\com.vrmc.vrm)
[Subsystems] Looking for new subsystems at path C:\Users\y9800\Unity_project\VisionGraft\Library\PackageCache\com.unity.xr.mock-hmd@bf4cb37c5d7a
[Subsystems] Novel subsystem found at Library/PackageCache/com.unity.xr.mock-hmd@bf4cb37c5d7a/Runtime/UnitySubsystemsManifest.json
[Subsystems] Discovering subsystems at path C:/Program Files/Unity/Hub/Editor/6000.0.60f1/Editor/Data/Resources/UnitySubsystems
[Subsystems] Discovering subsystems at path C:/Users/y9800/Unity_project/VisionGraft/Assets
[Subsystems] Discovering subsystems at path C:\Users\y9800\Unity_project\VisionGraft\Library\PackageCache\com.unity.xr.mock-hmd@bf4cb37c5d7a
[Subsystems] No descriptors matched for  examples in Library/PackageCache/com.unity.xr.mock-hmd@bf4cb37c5d7a/Runtime/UnitySubsystemsManifest.json.
[Subsystems] 1 'inputs' descriptors matched in Library/PackageCache/com.unity.xr.mock-hmd@bf4cb37c5d7a/Runtime/UnitySubsystemsManifest.json
[Subsystems] 1 'displays' descriptors matched in Library/PackageCache/com.unity.xr.mock-hmd@bf4cb37c5d7a/Runtime/UnitySubsystemsManifest.json
[Subsystems] No descriptors matched for  meshings in Library/PackageCache/com.unity.xr.mock-hmd@bf4cb37c5d7a/Runtime/UnitySubsystemsManifest.json.
[Subsystems] Discovering subsystems at path C:\Users\y9800\Unity_project\VisionGraft\Library\PackageCache\com.unity.xr.openxr@05fb1a7d75d1
[Subsystems] No descriptors matched for  examples in Library/PackageCache/com.unity.xr.openxr@05fb1a7d75d1/Runtime/UnitySubsystemsManifest.json.
[Subsystems] 1 'inputs' descriptors matched in Library/PackageCache/com.unity.xr.openxr@05fb1a7d75d1/Runtime/UnitySubsystemsManifest.json
[Subsystems] 1 'displays' descriptors matched in Library/PackageCache/com.unity.xr.openxr@05fb1a7d75d1/Runtime/UnitySubsystemsManifest.json
[Subsystems] No descriptors matched for  meshings in Library/PackageCache/com.unity.xr.openxr@05fb1a7d75d1/Runtime/UnitySubsystemsManifest.json.
[Package Manager] Done registering packages in 0.03 seconds
Duplicate assembly 'System.Runtime.CompilerServices.Unsafe.dll' with different versions detected, using 'Packages/com.unity.collections/Unity.Collections.Tests/System.Runtime.CompilerServices.Unsafe/System.Runtime.CompilerServices.Unsafe.dll, AssemblyName=System.Runtime.CompilerServices.Unsafe, Version=6.0.0.0, Culture=neutral, PublicKeyToken=b03f5f7f11d50a3a' and ignoring 'Assets/Plugins/K4os/System.Runtime.CompilerServices.Unsafe.dll, AssemblyName=System.Runtime.CompilerServices.Unsafe, Version=5.0.0.0, Culture=neutral, PublicKeyToken=b03f5f7f11d50a3a'.info: Microsoft.Hosting.Lifetime[14]
      Now listening on: http://localhost:80
info: Microsoft.Hosting.Lifetime[0]
      Application started. Press Ctrl+C to shut down.
info: Microsoft.Hosting.Lifetime[0]
      Hosting environment: Production
info: Microsoft.Hosting.Lifetime[0]
      Content root path: C:\Users\y9800\Unity_project\VisionGraft\
info: Microsoft.AspNetCore.Hosting.Diagnostics[1]
      Request starting HTTP/2 POST http://ilpp/UnityILPP.PostProcessing/Ping application/grpc -
info: Microsoft.AspNetCore.Routing.EndpointMiddleware[0]
      Executing endpoint 'gRPC - /UnityILPP.PostProcessing/Ping'
info: Microsoft.AspNetCore.Routing.EndpointMiddleware[1]
      Executed endpoint 'gRPC - /UnityILPP.PostProcessing/Ping'
info: Microsoft.AspNetCore.Hosting.Diagnostics[2]
      Request finished HTTP/2 POST http://ilpp/UnityILPP.PostProcessing/Ping application/grpc - - 200 - application/grpc 23.5789ms
Starting: C:\Program Files\Unity\Hub\Editor\6000.0.60f1\Editor\Data\bee_backend.exe --ipc --defer-dag-verification --dagfile="Library/Bee/1300b0aE.dag" --continue-on-failure --profile="Library/Bee/backend1.traceevents" ScriptAssemblies
WorkingDir: C:/Users/y9800/Unity_project/VisionGraft
DisplayProgressbar: Compiling Scripts
info: Microsoft.AspNetCore.Hosting.Diagnostics[1]
      Request starting HTTP/2 POST http://ilpp/UnityILPP.PostProcessing/ConfigurePostProcessors application/grpc -
info: Microsoft.AspNetCore.Routing.EndpointMiddleware[0]
      Executing endpoint 'gRPC - /UnityILPP.PostProcessing/ConfigurePostProcessors'
warn: Unity.ILPP.Runner.PostProcessingAssemblyLoadContext[0]
      Assembly system.runtime.interopservices.windowsruntime has duplicate hint path. Ignoring "C:\Program Files\Unity\Hub\Editor\6000.0.60f1\Editor\Data\UnityReferenceAssemblies\unity-4.8-api\Facades\System.Runtime.InteropServices.WindowsRuntime.dll" in favor of "C:\Program Files\Unity\Hub\Editor\6000.0.60f1\Editor\Data\NetStandard\Extensions\2.0.0\System.Runtime.InteropServices.WindowsRuntime.dll"
warn: Unity.ILPP.Runner.PostProcessingAssemblyLoadContext[0]
      Assembly system.componentmodel.composition has duplicate hint path. Ignoring "C:\Program Files\Unity\Hub\Editor\6000.0.60f1\Editor\Data\UnityReferenceAssemblies\unity-4.8-api\System.ComponentModel.Composition.dll" in favor of "C:\Program Files\Unity\Hub\Editor\6000.0.60f1\Editor\Data\NetStandard\compat\2.1.0\shims\netfx\System.ComponentModel.Composition.dll"
info: Unity.ILPP.Runner.PostProcessingAssemblyLoadContext[0]
      Resolved Unity.Burst.Cecil, Version=0.11.4.0, Culture=neutral, PublicKeyToken=50cebf1cceb9d05e with Library\PackageCache\com.unity.burst@1df634d836b8\Unity.Burst.CodeGen\Unity.Burst.Cecil.dll
info: Unity.ILPP.Runner.PostProcessingAssemblyLoadContext[0]
      Resolved Mono.Cecil, Version=0.11.5.0, Culture=neutral, PublicKeyToken=50cebf1cceb9d05e with Library\PackageCache\com.unity.nuget.mono-cecil@d78732e851eb\Mono.Cecil.dll
info: Microsoft.AspNetCore.Routing.EndpointMiddleware[1]
      Executed endpoint 'gRPC - /UnityILPP.PostProcessing/ConfigurePostProcessors'
info: Microsoft.AspNetCore.Hosting.Diagnostics[2]
      Request finished HTTP/2 POST http://ilpp/UnityILPP.PostProcessing/ConfigurePostProcessors application/grpc - - 200 - application/grpc 33.4011ms
ExitCode: 0 Duration: 0s314ms
[1505/2040  0s] ILPP-Configuration Library/ilpp-configuration.nevergeneratedoutput
*** Tundra build success (0.29 seconds), 1 items updated, 2040 evaluated
AssetDatabase: script compilation time: 0.630825s
Begin MonoManager ReloadAssembly
Duplicate assembly 'System.Runtime.CompilerServices.Unsafe.dll' with different versions detected, using 'Packages/com.unity.collections/Unity.Collections.Tests/System.Runtime.CompilerServices.Unsafe/System.Runtime.CompilerServices.Unsafe.dll, AssemblyName=System.Runtime.CompilerServices.Unsafe, Version=6.0.0.0, Culture=neutral, PublicKeyToken=b03f5f7f11d50a3a' and ignoring 'Assets/Plugins/K4os/System.Runtime.CompilerServices.Unsafe.dll, AssemblyName=System.Runtime.CompilerServices.Unsafe, Version=5.0.0.0, Culture=neutral, PublicKeyToken=b03f5f7f11d50a3a'.Symbol file LoadedFromMemory is not a mono symbol file
- Loaded All Assemblies, in  0.740 seconds
Script 'CharacterController' has the same name as built-in Unity component.
AddComponent and GetComponent will not work with this script.
'Packages/com.meta.xr.sdk.core/Editor/BuildingBlocks/BlocksWindowDetailsExtension.cs' contains partial class of Unity.Object, exactly 1 of the partial classes needs to be in a file with the same filename. This is to know the one that can be referenced from ie. GameObjects
'Packages/com.meta.xr.sdk.core/Editor/BuildingBlocks/BlocksWindow.cs' contains partial class of Unity.Object, exactly 1 of the partial classes needs to be in a file with the same filename. This is to know the one that can be referenced from ie. GameObjects
'Packages/com.meta.xr.sdk.core/Editor/BuildingBlocks/BlocksWindowCollectionsPageExtension.cs' contains partial class of Unity.Object, exactly 1 of the partial classes needs to be in a file with the same filename. This is to know the one that can be referenced from ie. GameObjects
Refreshing native plugins compatible for Editor in 10.44 ms, found 17 plugins.
Native extension for Android target not found
Native extension for WindowsStandalone target not found
Refreshing native plugins compatible for Editor in 9.27 ms, found 17 plugins.
Duplicate assembly 'System.Runtime.CompilerServices.Unsafe.dll' with different versions detected, using 'Packages/com.unity.collections/Unity.Collections.Tests/System.Runtime.CompilerServices.Unsafe/System.Runtime.CompilerServices.Unsafe.dll, AssemblyName=System.Runtime.CompilerServices.Unsafe, Version=6.0.0.0, Culture=neutral, PublicKeyToken=b03f5f7f11d50a3a' and ignoring 'Assets/Plugins/K4os/System.Runtime.CompilerServices.Unsafe.dll, AssemblyName=System.Runtime.CompilerServices.Unsafe, Version=5.0.0.0, Culture=neutral, PublicKeyToken=b03f5f7f11d50a3a'.Mono: successfully reloaded assembly
- Finished resetting the current domain, in  3.017 seconds
Domain Reload Profiling: 3751ms
	BeginReloadAssembly (210ms)
		ExecutionOrderSort (0ms)
		DisableScriptedObjects (7ms)
		BackupInstance (0ms)
		ReleaseScriptingObjects (0ms)
		CreateAndSetChildDomain (122ms)
	RebuildCommonClasses (25ms)
	RebuildNativeTypeToScriptingClass (8ms)
	initialDomainReloadingComplete (21ms)
	LoadAllAssembliesAndSetupDomain (471ms)
		LoadAssemblies (285ms)
		RebuildTransferFunctionScriptingTraits (0ms)
		AnalyzeDomain (248ms)
			TypeCache.Refresh (170ms)
				TypeCache.ScanAssembly (156ms)
			BuildScriptInfoCaches (61ms)
			ResolveRequiredComponents (13ms)
	FinalizeReload (3017ms)
		ReleaseScriptCaches (0ms)
		RebuildScriptCaches (0ms)
		SetupLoadedEditorAssemblies (2840ms)
			LogAssemblyErrors (0ms)
			InitializePlatformSupportModulesInManaged (17ms)
			SetLoadedEditorAssemblies (4ms)
			BeforeProcessingInitializeOnLoad (120ms)
			ProcessInitializeOnLoadAttributes (2629ms)
			ProcessInitializeOnLoadMethodAttributes (65ms)
			AfterProcessingInitializeOnLoad (4ms)
			EditorAssembliesLoaded (0ms)
		ExecutionOrderSort2 (0ms)
		AwakeInstancesAfterBackupRestoration (5ms)
Start importing Assets/50+ Animated Animals/2.0/Boar/Boar.fbx using Guid(6717ed149717620458d8825e1fba2884) (FBXImporter)Keyframe reduction: Ratio: 5.352530%;
Keyframe reduction: Ratio: 23.809521%;
Keyframe reduction: Ratio: 22.464727%;
Keyframe reduction: Ratio: 25.925932%;
Keyframe reduction: Ratio: 25.374788%;
Keyframe reduction: Ratio: 5.881630%;
Keyframe reduction: Ratio: 23.059969%;
Keyframe reduction: Ratio: 24.955914%;
Keyframe reduction: Ratio: 27.777781%;
Keyframe reduction: Ratio: 4.484758%;
Keyframe reduction: Ratio: 23.809532%;
Keyframe reduction: Ratio: 20.148148%;
Keyframe reduction: Ratio: 21.674875%;
Keyframe reduction: Ratio: 24.623533%;
Keyframe reduction: Ratio: 22.751331%;
Keyframe reduction: Ratio: 24.827030%;
Keyframe reduction: Ratio: 24.933870%;
Keyframe reduction: Ratio: 21.883598%;
Keyframe reduction: Ratio: 21.182262%;
Keyframe reduction: Ratio: 27.711643%;
Keyframe reduction: Ratio: 11.762314%;
Keyframe reduction: Ratio: 4.117064%;
Keyframe reduction: Ratio: 10.826217%;
Keyframe reduction: Ratio: 2.998237%;
Keyframe reduction: Ratio: 2.949343%;
Keyframe reduction: Ratio: 2.614072%;
Keyframe reduction: Ratio: 2.667549%;
Keyframe reduction: Ratio: 6.463326%;
Keyframe reduction: Ratio: 7.526640%;
Keyframe reduction: Ratio: 5.954974%;
Keyframe reduction: Ratio: 4.943784%;
Keyframe reduction: Ratio: 21.786495%;
Keyframe reduction: Ratio: 21.910988%;
Keyframe reduction: Ratio: 21.942112%;
Keyframe reduction: Ratio: 5.103615%;
Keyframe reduction: Ratio: 8.017024%;
Keyframe reduction: Ratio: 13.191020%;
Keyframe reduction: Ratio: 13.464691%;
Keyframe reduction: Ratio: 13.373468%;
Keyframe reduction: Ratio: 20.223383%;
Keyframe reduction: Ratio: 24.460735%;
Keyframe reduction: Ratio: 5.976600%;
Keyframe reduction: Ratio: 20.634922%;
Keyframe reduction: Ratio: 3.465454%;
Keyframe reduction: Ratio: 3.213385%;
Keyframe reduction: Ratio: 5.447500%;
Keyframe reduction: Ratio: 5.730680%;
Keyframe reduction: Ratio: 23.091455%;
Keyframe reduction: Ratio: 17.433197%;
Keyframe reduction: Ratio: 2.923207%;
Keyframe reduction: Ratio: 5.797749%;
Keyframe reduction: Ratio: 9.174767%;
Keyframe reduction: Ratio: 18.253969%;
Keyframe reduction: Ratio: 20.193989%;
Keyframe reduction: Ratio: 17.202555%;
Keyframe reduction: Ratio: 2.987518%;
Keyframe reduction: Ratio: 4.347825%;
Keyframe reduction: Ratio: 27.954136%;
Keyframe reduction: Ratio: 29.100523%;
Keyframe reduction: Ratio: 28.880064%;
Keyframe reduction: Ratio: 18.110676%;
Keyframe reduction: Ratio: 23.950621%;
Keyframe reduction: Ratio: 24.444450%;
Keyframe reduction: Ratio: 15.820106%;
Keyframe reduction: Ratio: 18.201057%;
Keyframe reduction: Ratio: 24.444450%;
Keyframe reduction: Ratio: 19.433424%;
Keyframe reduction: Ratio: 6.980414%;
Keyframe reduction: Ratio: 14.364099%;
Keyframe reduction: Ratio: 14.442485%;
Keyframe reduction: Ratio: 14.540466%;
Keyframe reduction: Ratio: 4.139262%;
Keyframe reduction: Ratio: 4.473807%;
Keyframe reduction: Ratio: 4.899929%;
Keyframe reduction: Ratio: 2.281747%;
Keyframe reduction: Ratio: 2.459116%;
Keyframe reduction: Ratio: 5.924434%;
Keyframe reduction: Ratio: 22.914143%;
Keyframe reduction: Ratio: 22.954830%;
Keyframe reduction: Ratio: 23.443235%;
Keyframe reduction: Ratio: 2.212603%;
Keyframe reduction: Ratio: 2.678744%;
Keyframe reduction: Ratio: 5.599163%;
Keyframe reduction: Ratio: 4.439843%;
Keyframe reduction: Ratio: 8.392122%;
Keyframe reduction: Ratio: 5.208333%;
Keyframe reduction: Ratio: 8.671370%;
Keyframe reduction: Ratio: 4.342618%;
Keyframe reduction: Ratio: 2.812033%;
Keyframe reduction: Ratio: 4.535935%;
Keyframe reduction: Ratio: 4.228765%;
Keyframe reduction: Ratio: 25.661388%;
Keyframe reduction: Ratio: 5.514568%;
Keyframe reduction: Ratio: 26.681801%;
Keyframe reduction: Ratio: 26.455040%;
Keyframe reduction: Ratio: 21.546133%;
Keyframe reduction: Ratio: 21.869474%;
Keyframe reduction: Ratio: 21.487343%;
Keyframe reduction: Ratio: 23.716146%;
Keyframe reduction: Ratio: 22.097729%;
Keyframe reduction: Ratio: 22.066605%;
Keyframe reduction: Ratio: 13.264000%;
Keyframe reduction: Ratio: 2.790282%;
Keyframe reduction: Ratio: 13.136285%;
Keyframe reduction: Ratio: 13.373469%;
Keyframe reduction: Ratio: 1.996332%;
Keyframe reduction: Ratio: 3.006134%;
Keyframe reduction: Ratio: 17.354498%;
Keyframe reduction: Ratio: 4.548407%;
Keyframe reduction: Ratio: 4.366179%;
Keyframe reduction: Ratio: 1.235220%;
Keyframe reduction: Ratio: 4.523752%;
 -> (artifact id: '34d16824b21d73101b80eb7c70f62ce8') in 2.7895151 seconds
Start importing Assets/50+ Animated Animals/2.0/Deer 1.0/Deer Animated.fbx using Guid(1e0fb9a3d1eec7a49a5579f29d10e600) (FBXImporter)Launched and connected shader compiler UnityShaderCompiler.exe after 0.01 seconds
Keyframe reduction: Ratio: 33.391453%;
Keyframe reduction: Ratio: 33.682064%;
Keyframe reduction: Ratio: 45.391178%;
Keyframe reduction: Ratio: 45.296349%;
Keyframe reduction: Ratio: 52.764130%;
Keyframe reduction: Ratio: 40.666191%;
Keyframe reduction: Ratio: 53.719631%;
Keyframe reduction: Ratio: 28.261492%;
Keyframe reduction: Ratio: 48.764668%;
Keyframe reduction: Ratio: 22.889711%;
Keyframe reduction: Ratio: 50.569260%;
Keyframe reduction: Ratio: 50.564304%;
Keyframe reduction: Ratio: 47.114143%;
Keyframe reduction: Ratio: 32.008663%;
Keyframe reduction: Ratio: 26.581284%;
Keyframe reduction: Ratio: 31.343775%;
Keyframe reduction: Ratio: 77.777779%;
Keyframe reduction: Ratio: 20.932426%;
Keyframe reduction: Ratio: 77.777779%;
Keyframe reduction: Ratio: 77.777779%;
Keyframe reduction: Ratio: 24.549271%;
Keyframe reduction: Ratio: 32.693981%;
Keyframe reduction: Ratio: 24.719193%;
Keyframe reduction: Ratio: 23.451365%;
Keyframe reduction: Ratio: 26.542408%;
Keyframe reduction: Ratio: 21.689362%;
Keyframe reduction: Ratio: 17.344042%;
Keyframe reduction: Ratio: 19.974419%;
Keyframe reduction: Ratio: 21.833990%;
Keyframe reduction: Ratio: 23.156366%;
Keyframe reduction: Ratio: 16.427177%;
Keyframe reduction: Ratio: 23.156370%;
Keyframe reduction: Ratio: 19.243834%;
Keyframe reduction: Ratio: 38.271130%;
Keyframe reduction: Ratio: 20.986559%;
Keyframe reduction: Ratio: 36.759495%;
Keyframe reduction: Ratio: 20.986559%;
Keyframe reduction: Ratio: 23.580824%;
Keyframe reduction: Ratio: 26.572727%;
Keyframe reduction: Ratio: 23.704102%;
Keyframe reduction: Ratio: 37.353264%;
Keyframe reduction: Ratio: 20.279480%;
Keyframe reduction: Ratio: 38.803097%;
Keyframe reduction: Ratio: 31.524025%;
Keyframe reduction: Ratio: 30.958128%;
Keyframe reduction: Ratio: 21.833986%;
Keyframe reduction: Ratio: 26.367670%;
Keyframe reduction: Ratio: 12.010971%;
Keyframe reduction: Ratio: 13.653084%;
Keyframe reduction: Ratio: 13.437938%;
Keyframe reduction: Ratio: 15.160710%;
Keyframe reduction: Ratio: 14.617308%;
Keyframe reduction: Ratio: 15.959127%;
Keyframe reduction: Ratio: 16.294073%;
Keyframe reduction: Ratio: 5.228475%;
 -> (artifact id: '18f962a090852374ea497f94b15c03bd') in 2.3159843 seconds
Start importing Assets/50+ Animated Animals/2.0/Elk 1.0/Elk Animated.fbx using Guid(ee7d3b05fb6cd314da98922cbc766ad7) (FBXImporter)Keyframe reduction: Ratio: 33.391453%;
Keyframe reduction: Ratio: 45.296349%;
Keyframe reduction: Ratio: 33.682068%;
Keyframe reduction: Ratio: 40.666191%;
Keyframe reduction: Ratio: 52.764130%;
Keyframe reduction: Ratio: 28.261492%;
Keyframe reduction: Ratio: 53.719624%;
Keyframe reduction: Ratio: 48.764671%;
Keyframe reduction: Ratio: 45.391178%;
Keyframe reduction: Ratio: 22.889711%;
Keyframe reduction: Ratio: 47.114151%;
Keyframe reduction: Ratio: 50.569252%;
Keyframe reduction: Ratio: 50.564304%;
Keyframe reduction: Ratio: 26.581284%;
Keyframe reduction: Ratio: 32.008663%;
Keyframe reduction: Ratio: 31.343773%;
Keyframe reduction: Ratio: 77.777779%;
Keyframe reduction: Ratio: 77.777779%;
Keyframe reduction: Ratio: 77.777763%;
Keyframe reduction: Ratio: 32.693981%;
Keyframe reduction: Ratio: 20.932426%;
Keyframe reduction: Ratio: 24.719193%;
Keyframe reduction: Ratio: 23.451365%;
Keyframe reduction: Ratio: 26.542408%;
Keyframe reduction: Ratio: 16.427183%;
Keyframe reduction: Ratio: 17.344042%;
Keyframe reduction: Ratio: 24.549269%;
Keyframe reduction: Ratio: 19.243834%;
Keyframe reduction: Ratio: 19.974419%;
Keyframe reduction: Ratio: 21.833988%;
Keyframe reduction: Ratio: 23.156370%;
Keyframe reduction: Ratio: 21.833988%;
Keyframe reduction: Ratio: 23.156374%;
Keyframe reduction: Ratio: 36.759495%;
Keyframe reduction: Ratio: 38.271133%;
Keyframe reduction: Ratio: 20.986557%;
Keyframe reduction: Ratio: 20.279480%;
Keyframe reduction: Ratio: 20.986557%;
Keyframe reduction: Ratio: 23.580826%;
Keyframe reduction: Ratio: 37.353264%;
Keyframe reduction: Ratio: 23.704100%;
Keyframe reduction: Ratio: 38.803089%;
Keyframe reduction: Ratio: 31.524023%;
Keyframe reduction: Ratio: 26.367666%;
Keyframe reduction: Ratio: 26.572725%;
Keyframe reduction: Ratio: 21.689362%;
Keyframe reduction: Ratio: 13.653084%;
Keyframe reduction: Ratio: 12.010971%;
Keyframe reduction: Ratio: 26.578081%;
Keyframe reduction: Ratio: 14.617307%;
Keyframe reduction: Ratio: 15.160710%;
Keyframe reduction: Ratio: 15.959127%;
Keyframe reduction: Ratio: 5.228475%;
 -> (artifact id: 'd5ab3aeb63d7761c2124d2433a25289e') in 2.1462434 seconds
Refreshing native plugins compatible for Editor in 11.42 ms, found 17 plugins.
Unity memory allocator detected: MetaXRAudio native memory allocations will be tracked.
Preloading 2 native plugins for Editor in 2.44 ms.
Asset Pipeline Refresh (id=e411be3e5652c1c48948e0ab16203a79): Total: 13.026 seconds - Initiated by InitialRefreshV2(ForceSynchronousImport)
	Summary:
		Imports: total=0 (actual=0, local cache=0, cache server=0)
		Asset DB Process Time: managed=25 ms, native=10803 ms
		Asset DB Callback time: managed=706 ms, native=54 ms
		Scripting: domain reloads=1, domain reload time=740 ms, compile time=632 ms, other=62 ms
		Project Asset Count: scripts=2967, non-scripts=5900
		Asset File Changes: new=0, changed=3, moved=0, deleted=0
		Scan Filter Count: 0
	InvokeCustomDependenciesCallbacks: 0.001ms
	InvokePackagesCallback: 34.153ms
	ApplyChangesToAssetFolders: 0.881ms
	Scan: 152.513ms
	OnSourceAssetsModified: 0.848ms
	CategorizeAssetsWithTransientArtifact: 54.412ms
	ProcessAssetsWithTransientArtifactChanges: 93.341ms
	CategorizeAssets: 84.963ms
	ImportOutOfDateAssets: 10304.814ms (2414.297ms without children)
		ImportManagerImport: 7255.770ms (1.350ms without children)
			ImportInProcess: 7254.420ms
		CompileScripts: 632.038ms
		ReloadNativeAssets: 0.048ms
		UnloadImportedAssets: 0.667ms
		ReloadImportedAssets: 0.000ms
		EnsureUptoDateAssetsAreRegisteredWithGuidPM: 1.536ms
		InitializingProgressBar: 0.010ms
		PostProcessAllAssetNotificationsAddChangedAssets: 0.001ms
		OnDemandSchedulerStart: 0.448ms
	PostProcessAllAssets: 710.181ms
	Hotreload: 17.831ms
	GatherAllCurrentPrimaryArtifactRevisions: 0.002ms
	UnloadStreamsBegin: 2.152ms
	PersistCurrentRevisions: 0.344ms
	UnloadStreamsEnd: 0.001ms
	GenerateScriptTypeHashes: 10.830ms
	Untracked: 1569.349ms

Application.AssetDatabase Initial Refresh End
Scanning for USB devices : 2.699ms
Initializing Unity extensions:
[MODES] ModeService[none].Initialize
[MODES] ModeService[none].LoadModes
[MODES] Loading mode Default (0) for mode-current-id-stereoCrafter
Unloading 219 Unused Serialized files (Serialized files now loaded: 0)
Unloading 10392 unused Assets / (3.8 MB). Loaded Objects now: 13469.
Memory consumption went from 334.6 MB to 330.8 MB.
Total: 12.572200 ms (FindLiveObjects: 0.832600 ms CreateObjectMapping: 0.679800 ms MarkObjects: 9.064100 ms  DeleteObjects: 1.995100 ms)

Wrote C:/Users/y9800/Unity_project/VisionGraft/Assets\..\animal_diagnostics.txt
Batchmode quit successfully invoked - shutting down!
Killing ADB server in 0.0454642 seconds.
Input System module state changed to: ShutdownInProgress.
Input System polling thread exited.
Input System module state changed to: Shutdown.
[Licensing::IpcConnector] LicenseClient-y9800-notifications channel disconnected successfully.
[Licensing::IpcConnector] LicenseClient-y9800 channel disconnected successfully.
AcceleratorClientConnectionCallback - disconnected - :0
Cleanup mono
abort_threads: Failed aborting id: 0000000000007B40, mono_thread_manage will ignore it

abort_threads: Failed aborting id: 0000000000005498, mono_thread_manage will ignore it

abort_threads: Failed aborting id: 0000000000007B40, mono_thread_manage will ignore it

abort_threads: Failed aborting id: 0000000000005498, mono_thread_manage will ignore it

debugger-agent: Unable to listen on 3576
Exiting batchmode successfully now!
Exiting without the bug reporter. Application will terminate with return code 0